TITLE: B2W BOM
DATE: 02/10/2020
DESIGN: p3509_a01
TEMPLATE: $CDS_SITE/cdssetup/bomloader_template.bom
CALLOUT: 

S.No.#NVPN#PN#SKU#Qty#Ref Des#Var Status#DESCRIPTION#ASSEMBLY#PART_TYPE#LIFECYCLE#SOURCE_EXPANSION#PART_INTENT
1#?#?#COMMON#4#TP9,TP10,TP11,TP12#Pref#Lab TP Generic Many ALTs#N/A#?#?#NON_PHYSICAL#?
2#?#?#COMMON#28#TP15,TP16,TP17,TP18,TP19,TP20,TP21,TP22,TP23,TP24,TP25,TP26,TP27,TP28,TP29,TP30,TP31,TP32,TP33,TP34,TP35,TP36,TP37,TP38,TP39,TP40,TP41,TP42#Pref#0.71MM Lab TP standard size bottom#N/A#?#?#NON_PHYSICAL#?
3#?#?#COMMON#14#VS1,VS2,VS3,VS4,VS5,VS6,VS7,VS8,VS9,VS10,VS12,VS13,VS17,VS18#Pref#Virtual Short, copper only, not a part#USB3_TYPEA#?#?#NON_PHYSICAL#?
4#?#?#COMMON#2#VS16,VS19#Pref#Virtual Short, copper only, not a part#AUTOMATION#?#?#NON_PHYSICAL#?
5#032-0696-000#?#COMMON#1#C105#Pref#CAP TA-Polymer SMD_3528 330uF +/-20% 6.3V 40mohm 2.1mm  Black#DISPLAYPORT#Library Part#Released#CCM#Production
6#032-0696-000#?#COMMON#3#C145,C146,C147#Pref#CAP TA-Polymer SMD_3528 330uF +/-20% 6.3V 40mohm 2.1mm  Black#CVB_CONN#Library Part#Released#CCM#Production
7#032-0696-000#?#COMMON#2#C157,C160#Pref#CAP TA-Polymer SMD_3528 330uF +/-20% 6.3V 40mohm 2.1mm  Black#USB3_TYPEA#Library Part#Released#CCM#Production
8#032-0877-000#?#COMMON#1#C12#Pref#CAP X5R 0402 0.1uF +/-20% 16V#PS_5V#Library Part#Released#SCD#Production
9#032-0877-000#?#COMMON#1#C24#Pref#CAP X5R 0402 0.1uF +/-20% 16V#PS_3V3#Library Part#Released#SCD#Production
10#032-0882-000#?#COMMON#1#C168#Pref#CAP X5R 0603 1uF +/-20% 25V#DCJACK#Library Part#Released#SCD#Production
11#032-0882-000#?#COMMON#1#C20#Pref#CAP X5R 0603 1uF +/-20% 25V#PS_3V3#Library Part#Released#SCD#Production
12#032-0882-000#?#COMMON#2#C6,C8#Pref#CAP X5R 0603 1uF +/-20% 25V#PS_5V#Library Part#Released#SCD#Production
13#032-0886-000#?#COMMON#2#C127,C158#Pref#CAP X5R 0603 4.7uF +/-20% 6.3V#USB3_TYPEA#Library Part#Released#SCD#Production
14#032-0886-000#?#COMMON#1#C19#Pref#CAP X5R 0603 4.7uF +/-20% 6.3V#PS_3V3#Library Part#Released#SCD#Production
15#032-0886-000#?#COMMON#1#C36#Pref#CAP X5R 0603 4.7uF +/-20% 6.3V#3V3_AO#Library Part#Released#SCD#Production
16#032-0886-000#?#COMMON#1#C7#Pref#CAP X5R 0603 4.7uF +/-20% 6.3V#PS_5V#Library Part#Released#SCD#Production
17#032-0886-000#?#COMMON#1#C76#Pref#CAP X5R 0603 4.7uF +/-20% 6.3V#HDMI#Library Part#Released#SCD#Production
18#032-1308-000#?#COMMON#2#C9,C11#Pref#CAP X5R 0805 22uF +/-20% 25V#PS_5V#Library Part#Released#SCD#Production
19#032-1308-000#?#COMMON#2#C152,C153#Pref#CAP X5R 0805 22uF +/-20% 25V#DCJACK#Library Part#Released#SCD#Production
20#032-1308-000#?#COMMON#2#C21,C23#Pref#CAP X5R 0805 22uF +/-20% 25V#PS_3V3#Library Part#Released#SCD#Production
21#035-0011-000#?#COMMON#1#C175#Pref#CAP C0G 0402 10pF +/-5% 50V#PS_3V3#Library Part#Released#SCD#Production
22#035-0012-000#?#COMMON#1#C138#Pref#CAP C0G 0402 100pF +/-5% 50V#ETHERNET#Library Part#Released#SCD#Production
23#035-0012-000#?#COMMON#1#C14#Pref#CAP C0G 0402 100pF +/-5% 50V#PS_5V#Library Part#Released#SCD#Production
24#035-0012-000#?#COMMON#1#C26#Pref#CAP C0G 0402 100pF +/-5% 50V#PS_3V3#Library Part#Released#SCD#Production
25#035-0012-000#?#COMMON#1#C93#Pref#CAP C0G 0402 100pF +/-5% 50V#HDMI#Library Part#Released#SCD#Production
26#035-0014-000#?#COMMON#1#C104#Pref#CAP C0G 0402 12pF +/-5% 50V#DISPLAYPORT#Library Part#Released#SCD#Production
27#035-0014-000#?#COMMON#1#C90#Pref#CAP C0G 0402 12pF +/-5% 50V#HDMI#Library Part#Released#SCD#Production
28#035-0023-000#?#COMMON#2#C61,C63#Pref#CAP C0G 0402 22pF +/-5% 50V#USB3_TYPEA#Library Part#Released#SCD#Production
29#035-0031-000#?#COMMON#2#C89,C91#Pref#CAP C0G 0402 4.7pF +/-0.25pF 50V#HDMI#Library Part#Released#SCD#Production
30#035-0296-000#?#COMMON#1#C10#Pref#CAP C0G 0402 680pF +/-5% 50V#PS_5V#Library Part#Released#SCD#Production
31#035-0296-000#?#COMMON#1#C22#Pref#CAP C0G 0402 680pF +/-5% 50V#PS_3V3#Library Part#Released#SCD#Production
32#039-0007-000#?#COMMON#11#C94,C95,C96,C97,C98,C99,C100,C101,C102,C103,C174#Pref#CAP X5R 0402 0.1uF +/-10% 6.3V#DISPLAYPORT#Library Part#Released#SCD#Production
33#039-0007-000#?#COMMON#2#C106,C107#Pref#CAP X5R 0402 0.1uF +/-10% 6.3V#CAM#Library Part#Released#SCD#Production
34#039-0007-000#?#COMMON#4#C110,C111,C112,C113#Pref#CAP X5R 0402 0.1uF +/-10% 6.3V#M2_WIFIBT#Library Part#Released#SCD#Production
35#039-0007-000#?#COMMON#2#C115,C144#Pref#CAP X5R 0402 0.1uF +/-10% 6.3V#M2_NVME#Library Part#Released#SCD#Production
36#039-0007-000#?#COMMON#4#C124,C125,C126,C128#Pref#CAP X5R 0402 0.1uF +/-10% 6.3V#GPIO_HDR#Library Part#Released#SCD#Production
37#039-0007-000#?#COMMON#2#C129,C130#Pref#CAP X5R 0402 0.1uF +/-10% 6.3V#DEBUG#Library Part#Released#SCD#Production
38#039-0007-000#?#COMMON#1#C132#Pref#CAP X5R 0402 0.1uF +/-10% 6.3V#FAN#Library Part#Released#SCD#Production
39#039-0007-000#?#COMMON#1#C134#Pref#CAP X5R 0402 0.1uF +/-10% 6.3V#L4T_EEPROM#Library Part#Released#SCD#Production
40#039-0007-000#?#COMMON#2#C135,C142#Pref#CAP X5R 0402 0.1uF +/-10% 6.3V#BUTTON_MCU#Library Part#Released#SCD#Production
41#039-0007-000#?#COMMON#1#C137#Pref#CAP X5R 0402 0.1uF +/-10% 6.3V#ETHERNET#Library Part#Released#SCD#Production
42#039-0007-000#?#COMMON#28#C40,C41,C42,C43,C44,C45,C46,C47,C48,C49,C51,C55,C56,C60,C62,C64,C65,C66,C67,C72,C73,C74,C75,C155,C156,C170,C172,C173#Pref#CAP X5R 0402 0.1uF +/-10% 6.3V#USB3_TYPEA#Library Part#Released#SCD#Production
43#039-0007-000#?#COMMON#1#C32#Pref#CAP X5R 0402 0.1uF +/-10% 6.3V#3V3_AO#Library Part#Released#SCD#Production
44#039-0007-000#?#COMMON#1#C39#Pref#CAP X5R 0402 0.1uF +/-10% 6.3V#USBC_PWR#Library Part#Released#SCD#Production
45#039-0007-000#?#COMMON#2#C4,C5#Pref#CAP X5R 0402 0.1uF +/-10% 6.3V#CVB_CONN#Library Part#Released#SCD#Production
46#039-0007-000#?#COMMON#11#C77,C78,C79,C80,C81,C82,C83,C84,C85,C86,C88#Pref#CAP X5R 0402 0.1uF +/-10% 6.3V#HDMI#Library Part#Released#SCD#Production
47#039-0008-000#?#COMMON#2#C30,C31#Pref#CAP X5R 0402 1uF +/-10% 6.3V#3V3_AO#Library Part#Released#SCD#Production
48#039-0008-000#?#COMMON#2#C33,C35#Pref#CAP X5R 0402 1uF +/-10% 6.3V#1V8_LDO#Library Part#Released#SCD#Production
49#039-0011-000#?#COMMON#8#C116,C117,C118,C119,C120,C121,C122,C123#Pref#CAP X5R 0402 0.22uF +/-10% 6.3V#M2_NVME#Library Part#Released#SCD#Production
50#039-0024-000#?#COMMON#1#C133#Pref#CAP X5R 0402 10nF +/-10% 16V#AUTOMATION#Library Part#Released#SCD#Production
51#039-0024-000#?#COMMON#1#C136#Pref#CAP X5R 0402 10nF +/-10% 16V#ETHERNET#Library Part#Released#SCD#Production
52#039-0024-000#?#COMMON#1#C169#Pref#CAP X5R 0402 10nF +/-10% 16V#BUTTON_MCU#Library Part#Released#SCD#Production
53#039-0028-000#?#COMMON#1#C34#Pref#CAP X5R 0402 1nF +/-10% 25V#3V3_AO#Library Part#Released#SCD#Production
54#039-0044-000#?#COMMON#1#C171#Pref#CAP X5R 0603 0.1uF +/-10% 25V#DCJACK#Library Part#Released#SCD#Production
55#039-0127-000#?#COMMON#4#C15,C16,C148,C149#Pref#CAP X5R 0805 22uF +/-20% 6.3V#PS_5V#Library Part#Released#SCD#Production
56#039-0127-000#?#COMMON#4#C27,C28,C150,C151#Pref#CAP X5R 0805 22uF +/-20% 6.3V#PS_3V3#Library Part#Released#SCD#Production
57#039-0135-000#?#COMMON#2#C108,C109#Pref#CAP X5R 0603 10uF +/-20% 6.3V#M2_WIFIBT#Library Part#Released#SCD#Production
58#039-0135-000#?#COMMON#1#C114#Pref#CAP X5R 0603 10uF +/-20% 6.3V#M2_NVME#Library Part#Released#SCD#Production
59#039-0135-000#?#COMMON#3#C164,C166,C167#Pref#CAP X5R 0603 10uF +/-20% 6.3V#1V1_DCDC#Library Part#Released#SCD#Production
60#039-0135-000#?#COMMON#2#C52,C58#Pref#CAP X5R 0603 10uF +/-20% 6.3V#USB3_TYPEA#Library Part#Released#SCD#Production
61#039-0135-000#?#COMMON#1#C87#Pref#CAP X5R 0603 10uF +/-20% 6.3V#HDMI#Library Part#Released#SCD#Production
62#064-0267-000#?#COMMON#1#J13#Pref#Connector (TH High Temp) WIRE TO BOARD WAFER MALE VERT 4 POS 1.25mm PITCH 2.4mm MAX PIN LENGTH#FAN#Library Part#Released#CCM#Production
63#064-0373-000#?#COMMON#1#J15#Pref#CONN (TH High Temp) RJ45 w/ Magnetic SHLD 1GB and PoE RA FEMALE 18POS#ETHERNET#Library Part#Released#CCM#Production
64#064-0374-000#?#COMMON#1#J8#Pref#Stacked HDMI/DP Connector (TH High Temp)#HDMI#Library Part#Released#CCM#Production
65#064-0404-000#?#COMMON#0#J15#Alt1*#Connector (TH High Temp) RJ45 w/ Magnetics GigaBit and PoE RA FEMALE 18POS#ETHERNET#Library Part#Released#CCM#Production
66#064-0437-000#?#COMMON#1#J16#Pref#Connector (TH High Temp) POWER JACK 24V 5A#DCJACK#Library Part#Validation#CCM#Production
67#065-0738-000#?#COMMON#2#J6,J7#Pref#Connector (TH High Temp) Dual USB3.1 Gen2 receptacle connector dip type#USB3_TYPEA#Library Part#Validation#CCM#Production
68#074-0221-000#?#COMMON#1#J12#Pref#Header (TH High Temp) DUAL ROW 2X20 MALE VERT 2.54mm PITCH#GPIO_HDR#Library Part#Released#CCM#Production
69#074-0239-000#?#COMMON#1#J14#Pref#Header (TH High Temp) 1X12 RA Black HF 2.54mm PITCH#AUTOMATION#Library Part#Released#CCM#Production
70#080-1368-000#?#COMMON#1#J5#Pref#CONN SMD MICRO USB FEMALE RA 5 POS 0.65mm PITCH#MICRO_USB#Library Part#Released#CCM#Production
71#080-1656-000#?#COMMON#0#J2#Alt1#Connector (Edge) DDR4 SO-DIMM SOCKET 260 PIN RA BLACK 0.5mm PITCH#CVB_CONN#Library Part#Released#UNRESTRICTED#Production
72#080-1669-000#?#COMMON#2#J1,J9#Pref#Connector SMD FPC 1X15 VERT BLACK 1mm PITCH#CAM#Library Part#Released#CCM#Production
73#080-1742-000#?#COMMON#1#J2#Pref*#Connector (Edge) DDR4 SO-DIMM SOCKET 260 PIN RA BLACK 0.5mm PITCH#CVB_CONN#Library Part#Released#CCM#Production
74#080-1743-000#?#COMMON#1#J11#Pref#Interconnect (SMD) M2 0.5mm PITCH#M2_NVME#Library Part#Released#UNRESTRICTED#Production
75#080-1761-000#?#COMMON#1#J10#Pref#Interconnect (SMD) M.2 Key-E connector 0.5mm pitch low profile 2.3mm#M2_WIFIBT#Library Part#Validation#CCM#Production
76#085-0347-000#?#COMMON#1#Y1#Pref#XTAL SMD_32X25 12MHz 15ppm Fundamental 10pF 7M12070053 12MHz 15ppm Fundamental 10pF#USB3_TYPEA#Library Part#Validation#CCM#Production
77#086-0282-000#?#COMMON#1#Y2#Pref#OSC SMD_32X25 32.768KHz 25ppm 1.62V 3.63V 15pF 7XZ3270027 SMD_32X25 32.768KHz 25.0ppm 15.0pF 3.3V#M2_NVME#Library Part#Validation#CCM#Production
78#090-0155-000#?#COMMON#1#D4#Pref#DIODE SMD SCHOTTKY BARRIER 40V 3.0A SOD-123#CVB_CONN#Library Part#Released#CCM#Production
79#090-0172-000#?#COMMON#2#D16,D17#Pref#DIODE Bi-Directional Protection Diode 1 Line LESD5VD8LCG-R 5.5V 1.2pF#HDMI#Library Part#Released#CCM#Production
80#090-0172-000#?#COMMON#16#D24,D25,D26,D27,D28,D29,D30,D31,D32,D33,D34,D35,D36,D37,D38,D39#Pref#DIODE Bi-Directional Protection Diode 1 Line LESD5VD8LCG-R 5.5V 1.2pF#CAM#Library Part#Released#CCM#Production
81#090-0172-000#?#COMMON#2#D40,D41#Pref#DIODE Bi-Directional Protection Diode 1 Line LESD5VD8LCG-R 5.5V 1.2pF#M2_WIFIBT#Library Part#Released#CCM#Production
82#090-0172-000#?#COMMON#4#D42,D43,D44,D45#Pref#DIODE Bi-Directional Protection Diode 1 Line LESD5VD8LCG-R 5.5V 1.2pF#GPIO_HDR#Library Part#Released#CCM#Production
83#090-0172-000#?#COMMON#2#D6,D7#Pref#DIODE Bi-Directional Protection Diode 1 Line LESD5VD8LCG-R 5.5V 1.2pF#MICRO_USB#Library Part#Released#CCM#Production
84#090-0233-000#?#COMMON#1#D5#Pref#DIODE 5.0V MSP5.0A-M3/89A TVS ESD Protection microSMP 1 Line Uni-Directional 6.4V#MICRO_USB#Library Part#Released#CCM#Production
85#090-0243-000#?#COMMON#3#D1,D2,D3#Pref#DIODE NORM TPD1E10B06 1 Line Bi-Directional 6V 12pF#CVB_CONN#Library Part#Released#CCM#Production
86#090-0243-000#?#COMMON#1#D18#Pref#DIODE NORM TPD1E10B06 1 Line Bi-Directional 6V 12pF#HDMI#Library Part#Released#CCM#Production
87#090-0243-000#?#COMMON#3#D46,D48,D49#Pref#DIODE NORM TPD1E10B06 1 Line Bi-Directional 6V 12pF#AUTOMATION#Library Part#Released#CCM#Production
88#090-0296-000#?#COMMON#6#D8,D9,D10,D11,D12,D13#Pref#PROTECT TPD4E02B04DQAR 2 Diffpair Bi-Directional 6.7V 0.37pF#USB3_TYPEA#Library Part#Released#CCM#Production
89#090-0296-000#?#COMMON#2#D14,D19#Pref#PROTECT TPD4E02B04DQAR 2 Diffpair Bi-Directional 6.7V 0.37pF#HDMI#Library Part#Released#CCM#Production
90#090-0296-000#?#COMMON#3#D21,D22,D23#Pref#PROTECT TPD4E02B04DQAR 2 Diffpair Bi-Directional 6.7V 0.37pF#DISPLAYPORT#Library Part#Released#CCM#Production
91#090-0337-000#?#COMMON#1#D20#Pref#PROTECT RClamp2431T.TCT 1 Line Bi-Directional 26.7V 0.5pF#HDMI#Library Part#Released#CCM#Production
92#090-0343-000#?#COMMON#1#D66#Pref#ZENER SOD523 BZT52C3V3T 0.9V 0.3W#BUTTON_MCU#Library Part#Released#CCM#Production
93#090-0375-000#?#COMMON#0#D65#Alt1*#ZENER SOD323 PZU20B3 1.1V 0.31W#DCJACK#Library Part#Released#CCM#Production
94#090-0376-000#?#COMMON#0#D65#Alt2*#ZENER SOD323 PZU20B3A 1.1V 0.32W NOM 21V breakdown voltage#DCJACK#Library Part#Released#CCM#Production
95#090-0377-000#?#COMMON#1#D65#Pref#ZENER SOD323 DDZ22BSF-7 0.9V 0.5W NOM 21.71V breakdown voltage#DCJACK#Library Part#Released#CCM#Production
96#090-0378-000#?#COMMON#1#D64#Pref#PROTECT MSMP20A-M3/89A 1 Line Uni-Directional 22.2V 102pF HBM 8KV contact ESD#DCJACK#Library Part#Released#CCM#Production
97#091-0022-000#?#COMMON#2#D62,D63#Pref#DIODE SMD DUAL SERIES SCHOTTKY 30V 200mA SOT-323#BUTTON_MCU#Library Part#Released#CCM#Production
98#091-0023-000#?#COMMON#1#D15#Pref#DIODE ARRAY SCHOTTKY 70V 70mA SOT-323#HDMI#Library Part#Released#CCM#Production
99#092-0073-000#?#COMMON#1#DS1#Pref*#OPTO LED SMD BRILLIANT YELLOW GREEN 0603#POWER_LED#Library Part#Released#CCM#Production
100#115-0138-000#?#COMMON#1#U1#Pref#IC SMD SINGLE BUFFER w/OPEN DRAIN OUTPUT SC70#M2_WIFIBT#Library Part#Released#UNRESTRICTED#Production
101#115-0138-000#?#COMMON#1#U19#Pref#IC SMD SINGLE BUFFER w/OPEN DRAIN OUTPUT SC70#BUTTON_MCU#Library Part#Released#UNRESTRICTED#Production
102#115-0655-000#?#COMMON#1#U11#Pref#IC ESD PROTECTED HIGH-SPEED USB 2.0 (480-Mbps) 1:2 MULTIPLEXER/DEMULTIPLEXER SWITCH WITH SINGLE ENABLE UQFN-10#CAM#Library Part#Released#CCM#Production
103#115-1566-000#?#COMMON#1#U8#Pref#IC Switch- Analog SOT363 GS7616SC-R#HDMI#Library Part#Released#CCM#Production
104#115-1921-000#?#COMMON#3#U12,U13,U14#Pref#IC GENERAL LevelShifter QFN20 TXB0108RGYR#GPIO_HDR#Library Part#Released#CCM#Production
105#115-2177-000#?#COMMON#1#U16#Pref#IC GENERAL Level Shifter DFN8 TXB0302DQMR#DEBUG#Library Part#Released#CCM#Production
106#115-2544-000#?#COMMON#1#U15#Pref#IC GENERAL Level Shifter SC70_6 SN74LVC1T45DCKR#FAN#Library Part#Released#CCM#Production
107#115-2747-000#?#COMMON#2#U22,U23#Pref#IC GENERAL Level Shifter SC70_5 SN74LV1T125#BUTTON_MCU#Library Part#Released#CCM#Production
108#115-2747-000#?#COMMON#1#U27#Pref#IC GENERAL Level Shifter SC70_5 SN74LV1T125#DISPLAYPORT#Library Part#Released#CCM#Production
109#115-2752-000#?#COMMON#1#U7#Pref#IC CONTROLLER USB RTS5489-GR QFN88 USB 3.1 GEN2 HUB 4-PORT#USB3_TYPEA#Library Part#Released#CCM#Production
110#115-2766-000#?#COMMON#2#U21,U25#Pref#IC GENERAL Integrated Load Switch SOT23_5B AP22811AW5-7 UL switch w/ 2A limit and fault indicator#USB3_TYPEA#Library Part#Released#CCM#Production
111#130-0562-000#?#COMMON#1#L19#Pref#IND 2520 MetalAlloy 1.0uH 20.0% 3.2A 42.0mohm#1V1_DCDC#Library Part#Released#CCM#Production
112#130-0776-000#?#COMMON#1#L4#Pref#IND SMD_073X066 Carbonyl Powder 1.0uH 20.0% 11.0A 0.01ohm -1 -1.0KHz -1.0MHz -999.0decibel#PS_5V#Library Part#Released#CCM#Production
113#130-0776-000#?#COMMON#1#L6#Pref#IND SMD_073X066 Carbonyl Powder 1.0uH 20.0% 11.0A 0.01ohm -1 -1.0KHz -1.0MHz -999.0decibel#PS_3V3#Library Part#Released#CCM#Production
114#130-1041-000#?#COMMON#1#L14#Pref#IND 0402 [ ] 1.0 nH 30.0 % -1.0 A 120.0 mohm 8 -1.0 MHz 10.0 GHz#HDMI#Library Part#Released#CCM#Production
115#155-0879-000#?#COMMON#1#MEC1#Pref#STANDOFF for JAKKU CVB#M2_WIFIBT#Library Part#Validation#CCM#Production
116#155-0879-000#?#COMMON#1#MEC2#Pref#STANDOFF for JAKKU CVB#M2_NVME#Library Part#Validation#CCM#Production
117#174-0159-000#?#COMMON#1#U17#Pref#IC SERIAL EEPROM 1.0MHz DFN08 AT24C02D-MAHM-T#L4T_EEPROM#Library Part#Released#CCM#Production
118#190-13509-0000-000#?#COMMON#1#U28#Pref*#IC SERIAL FLASH 104MHz SO8 W25Q20CLSNIG DUAL BANK 2M-bit 3.3V#USB3_TYPEA#Library Part#Released#CCM#Production
119#190-13509-0001-000#?#COMMON#1#U18#Pref*#IC PROCESSOR MICROCONTROLLER QFN20 EFM8SB10F2G#BUTTON_MCU#Library Part#Released#UNRESTRICTED#Production
120#195-0002-000#?#COMMON#1#R176#Pref#RES 0402 100ohm 1% 62.5mW#1V1_DCDC#Library Part#Released#SCD#Production
121#195-0002-000#?#COMMON#1#R18#Pref#RES 0402 100ohm 1% 62.5mW#PS_5V#Library Part#Released#SCD#Production
122#195-0002-000#?#COMMON#1#R26#Pref#RES 0402 100ohm 1% 62.5mW#PS_3V3#Library Part#Released#SCD#Production
123#195-0004-000#?#COMMON#6#R139,R141,R183,R184,R195,R224#Pref#RES 0402 10kohm 1% 62.5mW#BUTTON_MCU#Library Part#Released#SCD#Production
124#195-0004-000#?#COMMON#2#R14,R163#Pref#RES 0402 10kohm 1% 62.5mW#PS_5V#Library Part#Released#SCD#Production
125#195-0004-000#?#COMMON#1#R164#Pref#RES 0402 10kohm 1% 62.5mW#PS_3V3#Library Part#Released#SCD#Production
126#195-0005-000#?#COMMON#1#R119#Pref#RES 0402 100kohm 1% 62.5mW#FAN#Library Part#Released#SCD#Production
127#195-0005-000#?#COMMON#2#R121,R125#Pref#RES 0402 100kohm 1% 62.5mW#DEBUG#Library Part#Released#SCD#Production
128#195-0005-000#?#COMMON#7#R138,R144,R166,R170,R196,R197,R203#Pref#RES 0402 100kohm 1% 62.5mW#BUTTON_MCU#Library Part#Released#SCD#Production
129#195-0005-000#?#COMMON#1#R177#Pref#RES 0402 100kohm 1% 62.5mW#1V1_DCDC#Library Part#Released#SCD#Production
130#195-0005-000#?#COMMON#1#R179#Pref#RES 0402 100kohm 1% 62.5mW#GPIO_HDR#Library Part#Released#SCD#Production
131#195-0005-000#?#COMMON#2#R181,R182#Pref#RES 0402 100kohm 1% 62.5mW#DCJACK#Library Part#Released#SCD#Production
132#195-0005-000#?#COMMON#6#R87,R88,R89,R90,R192,R193#Pref#RES 0402 100kohm 1% 62.5mW#DISPLAYPORT#Library Part#Released#SCD#Production
133#195-0005-000#?#COMMON#1#R204#Pref#RES 0402 100kohm 1% 62.5mW#PS_3V3#Library Part#Released#SCD#Production
134#195-0005-000#?#COMMON#1#R31#Pref#RES 0402 100kohm 1% 62.5mW#3V3_AO#Library Part#Released#SCD#Production
135#195-0005-000#?#COMMON#2#R36,R38#Pref#RES 0402 100kohm 1% 62.5mW#USB3_TYPEA#Library Part#Released#SCD#Production
136#195-0005-000#?#COMMON#4#R48,R49,R74,R75#Pref#RES 0402 100kohm 1% 62.5mW#HDMI#Library Part#Released#SCD#Production
137#195-0046-000#?#COMMON#1#R178#Pref#RES 0402 121kohm 1% 62.5mW#1V1_DCDC#Library Part#Released#SCD#Production
138#195-0056-000#?#COMMON#1#R19#Pref#RES 0402 127kohm 1% 62.5mW#PS_5V#Library Part#Released#SCD#Production
139#195-0061-000#?#COMMON#1#R50#Pref#RES 0402 130kohm 1% 62.5mW#HDMI#Library Part#Released#SCD#Production
140#195-0106-000#?#COMMON#1#R62#Pref#RES 0402 162kohm 1% 62.5mW#HDMI#Library Part#Released#SCD#Production
141#195-0130-000#?#COMMON#1#R17#Pref#RES 0402 18.2kohm 1% 62.5mW#PS_5V#Library Part#Released#SCD#Production
142#195-0130-000#?#COMMON#1#R25#Pref#RES 0402 18.2kohm 1% 62.5mW#PS_3V3#Library Part#Released#SCD#Production
143#195-0150-000#?#COMMON#1#R115#Pref#RES 0402 20kohm 1% 62.5mW#GPIO_HDR#Library Part#Released#SCD#Production
144#195-0170-000#?#COMMON#1#R20#Pref#RES 0402 22.1kohm 1% 62.5mW#PS_5V#Library Part#Released#SCD#Production
145#195-0195-000#?#COMMON#1#R92#Pref#RES 0402 24.9kohm 1% 62.5mW#DISPLAYPORT#Library Part#Released#SCD#Production
146#195-0215-000#?#COMMON#1#R28#Pref#RES 0402 27.4kohm 1% 62.5mW#PS_3V3#Library Part#Released#SCD#Production
147#195-0241-000#?#COMMON#1#R30#Pref#RES 0402 309kohm 1% 62.5mW#3V3_AO#Library Part#Released#SCD#Production
148#195-0250-000#?#COMMON#1#R61#Pref#RES 0402 32.4kohm 1% 62.5mW#HDMI#Library Part#Released#SCD#Production
149#195-0260-000#?#COMMON#1#R142#Pref#RES 0402 34kohm 1% 62.5mW#BUTTON_MCU#Library Part#Released#SCD#Production
150#195-0330-000#?#COMMON#1#R21#Pref#RES 0402 47.5kohm 1% 62.5mW#PS_5V#Library Part#Released#SCD#Production
151#195-0330-000#?#COMMON#1#R29#Pref#RES 0402 47.5kohm 1% 62.5mW#PS_3V3#Library Part#Released#SCD#Production
152#195-0338-000#?#COMMON#1#R136#Pref#RES 0402 499ohm 1% 62.5mW#AUTOMATION#Library Part#Released#SCD#Production
153#195-0338-000#?#COMMON#8#R51,R52,R53,R54,R55,R56,R57,R58#Pref#RES 0402 499ohm 1% 62.5mW#HDMI#Library Part#Released#SCD#Production
154#195-0384-000#?#COMMON#1#R35#Pref#RES 0402 6.19kohm 1% 62.5mW#USB3_TYPEA#Library Part#Released#SCD#Production
155#195-0465-000#?#COMMON#1#R27#Pref#RES 0402 90.9kohm 1% 62.5mW#PS_3V3#Library Part#Released#SCD#Production
156#195-0486-000#?#COMMON#2#R123,R124#Pref#RES 0402 10kohm 5% 62.5mW#FAN#Library Part#Released#SCD#Production
157#195-0486-000#?#COMMON#4#R126,R127,R129,R131#Pref#RES 0402 10kohm 5% 62.5mW#L4T_EEPROM#Library Part#Released#SCD#Production
158#195-0486-000#?#COMMON#1#R13#Pref#RES 0402 10kohm 5% 62.5mW#M2_WIFIBT#Library Part#Released#SCD#Production
159#195-0486-000#?#COMMON#2#R135,R223#Pref#RES 0402 10kohm 5% 62.5mW#AUTOMATION#Library Part#Released#SCD#Production
160#195-0486-000#?#COMMON#6#R37,R40,R174,R199,R200,R201#Pref#RES 0402 10kohm 5% 62.5mW#USB3_TYPEA#Library Part#Released#SCD#Production
161#195-0486-000#?#COMMON#3#R59,R60,R65#Pref#RES 0402 10kohm 5% 62.5mW#HDMI#Library Part#Released#SCD#Production
162#195-0486-000#?#COMMON#1#R76#Pref#RES 0402 10kohm 5% 62.5mW#DISPLAYPORT#Library Part#Released#SCD#Production
163#195-0486-000#?#COMMON#1#R9#Pref#RES 0402 10kohm 5% 62.5mW#CVB_CONN#Library Part#Released#SCD#Production
164#195-0486-000#?#COMMON#1#R93#Pref#RES 0402 10kohm 5% 62.5mW#CAM#Library Part#Released#SCD#Production
165#195-0488-000#?#COMMON#1#R116#Pref#RES 0402 1Mohm 5% 62.5mW#GPIO_HDR#Library Part#Released#SCD#Production
166#195-0488-000#?#COMMON#1#R194#Pref#RES 0402 1Mohm 5% 62.5mW#DISPLAYPORT#Library Part#Released#SCD#Production
167#195-0488-000#?#COMMON#1#R33#Pref#RES 0402 1Mohm 5% 62.5mW#MICRO_USB#Library Part#Released#SCD#Production
168#195-0492-000#?#COMMON#1#R146#Pref#RES 0402 110ohm 5% 62.5mW#ETHERNET#Library Part#Released#SCD#Production
169#195-0492-000#?#COMMON#1#R165#Pref#RES 0402 110ohm 5% 62.5mW#BUTTON_MCU#Library Part#Released#SCD#Production
170#195-0499-000#?#COMMON#1#R147#Pref#RES 0402 120ohm 5% 62.5mW#ETHERNET#Library Part#Released#SCD#Production
171#195-0521-000#?#COMMON#2#R11,R12#Pref#RES 0402 1.6kohm 5% 62.5mW#CVB_CONN#Library Part#Released#SCD#Production
172#195-0528-000#?#COMMON#2#R63,R64#Pref#RES 0402 1.8kohm 5% 62.5mW#HDMI#Library Part#Released#SCD#Production
173#195-0528-000#?#COMMON#1#R7#Pref#RES 0402 1.8kohm 5% 62.5mW#POWER_LED#Library Part#Released#SCD#Production
174#195-0598-000#?#COMMON#1#R122#Pref#RES 0402 4.7kohm 5% 62.5mW#FAN#Library Part#Released#SCD#Production
175#195-0598-000#?#COMMON#1#R140#Pref#RES 0402 4.7kohm 5% 62.5mW#BUTTON_MCU#Library Part#Released#SCD#Production
176#195-0599-000#?#DNI#3#R100,R104,R105#Pref#RES 0402 47kohm 5% 62.5mW#M2_WIFIBT#Library Part#Released#SCD#Production
177#195-0599-000#?#COMMON#4#R99,R101,R102,R103#Pref#RES 0402 47kohm 5% 62.5mW#M2_WIFIBT#Library Part#Released#SCD#Production
178#195-0599-000#?#COMMON#1#R113#Pref#RES 0402 47kohm 5% 62.5mW#M2_NVME#Library Part#Released#SCD#Production
179#195-0599-000#?#COMMON#1#R180#Pref#RES 0402 47kohm 5% 62.5mW#GPIO_HDR#Library Part#Released#SCD#Production
180#195-0599-000#?#COMMON#4#R94,R96,R97,R98#Pref#RES 0402 47kohm 5% 62.5mW#CAM#Library Part#Released#SCD#Production
181#195-0605-000#?#COMMON#2#R85,R86#Pref#RES 0402 5.1kohm 5% 62.5mW#DISPLAYPORT#Library Part#Released#SCD#Production
182#195-0609-000#?#COMMON#1#R205#Pref#RES 0402 5.6ohm 5% 62.5mW#PS_3V3#Library Part#Released#SCD#Production
183#195-0609-000#?#COMMON#8#R66,R67,R68,R69,R70,R71,R72,R73#Pref#RES 0402 5.6ohm 5% 62.5mW#HDMI#Library Part#Released#SCD#Production
184#195-0648-000#?#COMMON#1#R226#Pref#RES 0402 91kohm 5% 62.5mW#BUTTON_MCU#Library Part#Released#SCD#Production
185#195-1602-000#?#COMMON#1#R16#Pref#RES 0805 3.3R 5% 1/8W#PS_5V#Library Part#Released#SCD#Production
186#195-1602-000#?#COMMON#1#R24#Pref#RES 0805 3.3R 5% 1/8W#PS_3V3#Library Part#Released#SCD#Production
187#195-1763-000#?#COMMON#8#L28,L29,L30,L31,L32,L33,L34,L35#Pref*#RES SCD 0201 0R0 JUMPER Rmax R05 1/20W#HDMI#Library Part#Released#SCD#Production
188#195-1765-000#?#COMMON#3#R151,R152,R153#Pref#RES SCD 0603 0R0 JUMPER Rmax R05 1/10W#ETHERNET#Library Part#Released#SCD#Production
189#195-2655-000#?#COMMON#1#R1#Pref#RES SCD 0402 0 OHM 1AMP#POWER_LED#Library Part#Released#SCD#Production
190#195-2655-000#?#COMMON#1#R120#Pref#RES SCD 0402 0 OHM 1AMP#DEBUG#Library Part#Released#SCD#Production
191#195-2655-000#?#COMMON#1#R133#Pref#RES SCD 0402 0 OHM 1AMP#AUTOMATION#Library Part#Released#SCD#Production
192#195-2655-000#?#COMMON#3#R148,R149,R150#Pref#RES SCD 0402 0 OHM 1AMP#ETHERNET#Library Part#Released#SCD#Production
193#195-2655-000#?#COMMON#1#R15#Pref#RES SCD 0402 0 OHM 1AMP#PS_5V#Library Part#Released#SCD#Production
194#195-2655-000#?#COMMON#24#R41,R42,R44,R45,R46,R47,R167,R169,R206,R207,R208,R209,R210,R211,R212,R213,R214,R215,R216,R217,R218,R219,R220,R221#Pref#RES SCD 0402 0 OHM 1AMP#USB3_TYPEA#Library Part#Released#SCD#Production
195#195-2655-000#?#COMMON#1#R185#Pref#RES SCD 0402 0 OHM 1AMP#M2_NVME#Library Part#Released#SCD#Production
196#195-2655-000#?#COMMON#1#R202#Pref#RES SCD 0402 0 OHM 1AMP#HDMI#Library Part#Released#SCD#Production
197#195-2655-000#?#COMMON#1#R23#Pref#RES SCD 0402 0 OHM 1AMP#PS_3V3#Library Part#Released#SCD#Production
198#195-2655-000#?#COMMON#1#R32#Pref#RES SCD 0402 0 OHM 1AMP#MICRO_USB#Library Part#Released#SCD#Production
199#195-2655-000#?#COMMON#9#R77,R78,R79,R80,R81,R82,R83,R84,R91#Pref#RES SCD 0402 0 OHM 1AMP#DISPLAYPORT#Library Part#Released#SCD#Production
200#195-2655-000#?#COMMON#1#R95#Pref#RES SCD 0402 0 OHM 1AMP#CAM#Library Part#Released#SCD#Production
201#300-0284-000#?#COMMON#1#Q5#Pref#N-CH MOSFET DFN3X3 18.0A 20.0V 2.16W NTTFS4C06NTAG#PS_5V#Library Part#Released#CCM#Production
202#300-0284-000#?#COMMON#1#Q7#Pref#N-CH MOSFET DFN3X3 18.0A 20.0V 2.16W NTTFS4C06NTAG#PS_3V3#Library Part#Released#CCM#Production
203#300-0402-000#?#COMMON#1#Q12#Pref#XSTR MOSFET DUAL N-CH 30V 250mA 1.0 OHM @ 4.0V SOT-363/SC-88#HDMI#Library Part#Released#CCM#Production
204#300-0518-000#?#COMMON#1#Q28#Pref#XSTR P-CH ENHANCEMENT MODE FET 20V -130mA 10OHM MAX @ -5V SOT-323#BUTTON_MCU#Library Part#Released#CCM#Production
205#300-0859-000#?#COMMON#1#Q23#Pref#P-CH MOSFET SOT323_1G1D1S -1.37A 8.0V 0.329W NTS4101PT1G#GPIO_HDR#Library Part#Released#CCM#Production
206#300-0868-000#?#COMMON#1#Q1#Pref#N-CH MOSFET DFN1006 140.0mA 10.0V 350.0mW DMN26D0UFB4#POWER_LED#Library Part#Released#CCM#Production
207#300-0868-000#?#COMMON#2#Q11,Q13#Pref#N-CH MOSFET DFN1006 140.0mA 10.0V 350.0mW DMN26D0UFB4#HDMI#Library Part#Released#CCM#Production
208#300-0868-000#?#COMMON#2#Q17,Q18#Pref#N-CH MOSFET DFN1006 140.0mA 10.0V 350.0mW DMN26D0UFB4#M2_WIFIBT#Library Part#Released#CCM#Production
209#300-0868-000#?#COMMON#1#Q20#Pref#N-CH MOSFET DFN1006 140.0mA 10.0V 350.0mW DMN26D0UFB4#FAN#Library Part#Released#CCM#Production
210#300-0868-000#?#COMMON#1#Q21#Pref#N-CH MOSFET DFN1006 140.0mA 10.0V 350.0mW DMN26D0UFB4#AUTOMATION#Library Part#Released#CCM#Production
211#300-0868-000#?#COMMON#6#Q30,Q31,Q32,Q33,Q34,Q35#Pref#N-CH MOSFET DFN1006 140.0mA 10.0V 350.0mW DMN26D0UFB4#DISPLAYPORT#Library Part#Released#CCM#Production
212#300-0868-000#?#COMMON#2#Q36,Q37#Pref#N-CH MOSFET DFN1006 140.0mA 10.0V 350.0mW DMN26D0UFB4#PS_3V3#Library Part#Released#CCM#Production
213#300-0868-000#?#COMMON#1#Q8#Pref#N-CH MOSFET DFN1006 140.0mA 10.0V 350.0mW DMN26D0UFB4#MICRO_USB#Library Part#Released#CCM#Production
214#300-0869-000#?#COMMON#1#Q14#Pref#BJTS DFN1006 200.0mA 0.3V 250.0mW MMBT3904LP-7#HDMI#Library Part#Released#CCM#Production
215#300-0906-000#?#COMMON#1#Q24#Pref#BJTD SOT363 -100.0mA -100.0mA -50.0V NST45010MW6T1G 0.1mW 0.1mW#GPIO_HDR#Library Part#Released#CCM#Production
216#300-1021-000#?#COMMON#1#Q4#Pref#N-CH MOSFET DFN3x3 20.0A 20.0V 1.63W NTTFS4C25N#PS_5V#Library Part#Released#CCM#Production
217#300-1021-000#?#COMMON#1#Q6#Pref#N-CH MOSFET DFN3x3 20.0A 20.0V 1.63W NTTFS4C25N#PS_3V3#Library Part#Released#CCM#Production
218#300-1070-000#?#COMMON#1#Q25#Pref#P-CH MOSFET DFN3X3 -17A 25V 30W AONR21357#DCJACK#Library Part#Released#CCM#Production
219#300-1128-000#?#COMMON#2#Q15,Q16#Pref#BJTS SOT323_1B1C1E 0.2A 0.3V 0.15W 3904_SERIES Series NPN vgs0.95#DISPLAYPORT#Library Part#Released#UNRESTRICTED#Production
220#300-1133-000#?#COMMON#1#Q29#Pref#N-CH MOSFET SOT323_1G1D1S 0.115A 20V 0.15W 2N7002_SERIES#BUTTON_MCU#Library Part#Released#UNRESTRICTED#Production
221#315-0620-000#?#COMMON#1#U5#Pref#VREG LOW-IQ LOW-DROPOUT FOR PORTABLE DEVICES 1.8V 200mA TSOT23-5#1V8_LDO#Library Part#Released#CCM#Production
222#315-1022-000#?#COMMON#1#U6#Pref#VREG LINEAR SOT23_5_NOVR Standard 0.45V 0.8V 5.0V 2.0% % GS7116S5-ADJ-R#3V3_AO#Library Part#Released#CCM#Production
223#315-1062-000#?#COMMON#1#U10#Pref#VREG SOT23_5_EFU Switch 2.7V 5.5V APL3552ABI-TRG#DISPLAYPORT#Library Part#Released#CCM#Production
224#315-1062-000#?#COMMON#1#U9#Pref#VREG SOT23_5_EFU Switch 2.7V 5.5V APL3552ABI-TRG#HDMI#Library Part#Released#CCM#Production
225#316-0314-000#?#COMMON#1#U3#Pref#VREG CONTROLLER/DRIVER XSOP10 Buck 1Ph 500.0KHz 0.77V 7.0V 1.0% SYNCHRONOUS VSOP-10#PS_5V#Library Part#Released#CCM#Production
226#316-0314-000#?#COMMON#1#U4#Pref#VREG CONTROLLER/DRIVER XSOP10 Buck 1Ph 500.0KHz 0.77V 7.0V 1.0% SYNCHRONOUS VSOP-10#PS_3V3#Library Part#Released#CCM#Production
227#316-0758-000#?#COMMON#1#U26#Pref#VREG CONTROLLER/DRIVER/FET QFN6 Buck 1Ph 1.1MHz 0.6V 5.5V 1% % MP2152#1V1_DCDC#Library Part#Validation#CCM#Production
TOTAL# # # #505# # # # # # # # 
