# Creation Date: 2019.11.20
# pstxref.dat Date: 2019.11.20
# Net Name:                       Reference Designator:
# ---------                       ---------------------
3V3_AO(3.3V)                      C135.1 (ANALOG:25)   C34.1 (ANALOG:10)    C36.1 (ANALOG:10)    R139.1 (ANALOG:25)   R140.1 (ANALOG:25)   
                                  R141.1 (ANALOG:25)   R144.1 (ANALOG:25)   R183.1 (ANALOG:25)   R184.1 (ANALOG:25)   R198.1 (ANALOG:25)   
                                  R224.1 (ANALOG:25)   R30.1 (ANALOG:10)    U18.4 (POWER:25)     U19.5 (POWER:25)     U23.5 (POWER:25)     
                                  U6.5 (ANALOG:10)     
3V3_AO_ADJ                        C34.2 (ANALOG:10)    R30.2 (ANALOG:10)    R31.1 (ANALOG:10)    U6.4 (ANALOG:10)     
5V_LDO                            C51.1 (ANALOG:12)    C52.1 (ANALOG:12)    U7.41 (POWER:12)     VS12.2 (ANALOG:12)   VS13.2 (ANALOG:12)   
5V_PG_BUF_R                       R165.2 (ANALOG:25)   U19.4 (OUTPUT:25)    
AUTO_ON_DIS                       J14.6 (ANALOG:21)    R223.1 (ANALOG:21)   
AV10_1                            C40.1 (ANALOG:12)    U7.1 (POWER:12)      VS1.2 (ANALOG:12)    
AV10_10                           C156.1 (ANALOG:12)   U7.81 (POWER:12)     VS18.2 (ANALOG:12)   
AV10_2                            C41.1 (ANALOG:12)    U7.7 (POWER:12)      VS2.2 (ANALOG:12)    
AV10_3                            C42.1 (ANALOG:12)    U7.16 (POWER:12)     VS3.2 (ANALOG:12)    
AV10_4                            C43.1 (ANALOG:12)    U7.23 (POWER:12)     VS4.2 (ANALOG:12)    
AV10_5                            C44.1 (ANALOG:12)    U7.29 (POWER:12)     VS5.2 (ANALOG:12)    
AV10_6                            C45.1 (ANALOG:12)    U7.35 (POWER:12)     VS6.2 (ANALOG:12)    
AV10_7                            C46.1 (ANALOG:12)    U7.46 (POWER:12)     VS7.2 (ANALOG:12)    
AV10_8                            C47.1 (ANALOG:12)    U7.57 (POWER:12)     VS8.2 (ANALOG:12)    
AV10_9                            C155.1 (ANALOG:12)   U7.72 (POWER:12)     VS17.2 (ANALOG:12)   
AV33_2                            C48.1 (ANALOG:12)    U7.42 (POWER:12)     VS9.2 (ANALOG:12)    
AV33_3                            C49.1 (ANALOG:12)    U7.85 (POWER:12)     VS10.2 (ANALOG:12)   
BBAT                              D4.1 (UNSPEC:4)      J2.235 (BIDIR:4)     R222.1 (ANALOG:4)    
BBAT_CONN                         D4.2 (UNSPEC:4)      J3.1 (ANALOG:4)      J3.3 (ANALOG:4)      R222.2 (ANALOG:4)    
BD_DISABLE                        Q24.2 (ANALOG:20)    Q24.5 (ANALOG:20)    Q24.6 (ANALOG:20)    R179.1 (ANALOG:20)   
BMCU_ACOK                         C142.1 (ANALOG:25)   D46.1 (ANALOG:21)    J14.5 (ANALOG:21)    R144.2 (ANALOG:25)   R165.1 (ANALOG:25)   
                                  U18.16 (BIDIR:25)    
BMCU_BRD_SEL                      R137.1 (ANALOG:25)   R139.2 (ANALOG:25)   U18.11 (BIDIR:25)    
BMCU_C2CK                         R140.2 (ANALOG:25)   TP10.1 (UNSPEC:25)   U18.5 (BIDIR:25)     
BMCU_C2D                          TP9.1 (UNSPEC:25)    U18.6 (BIDIR:25)     
BMCU_P01                          R183.2 (ANALOG:25)   U18.1 (BIDIR:25)     
BMCU_P02                          R184.2 (ANALOG:25)   U18.20 (BIDIR:25)    
BMCU_PGOOD                        R224.2 (ANALOG:25)   R225.1 (ANALOG:25)   U18.15 (BIDIR:25)    
BMCU_POWER_EN                     R138.1 (ANALOG:25)   U18.9 (BIDIR:25)     U22.2 (INPUT:25)     
BMCU_PWR_BTN*                     D63.1 (ANALOG:25)    D63.2 (ANALOG:25)    R141.2 (ANALOG:25)   U18.2 (BIDIR:25)     
BMCU_UART_TX                      TP12.1 (UNSPEC:25)   U18.18 (BIDIR:25)    
BOARD_ID_A0                       R131.2 (ANALOG:21)   R132.1 (ANALOG:21)   U17.1 (INPUT:21)     
BOARD_ID_WP                       R126.1 (ANALOG:21)   U17.7 (INPUT:21)     
BRD_ID_A1                         R129.2 (ANALOG:21)   R130.1 (ANALOG:21)   U17.2 (INPUT:21)     
BRD_ID_A2                         R127.2 (ANALOG:21)   R128.1 (ANALOG:21)   U17.3 (INPUT:21)     
BT_M2_EN(1.8V)                    J2.126 (BIDIR:5)     Q17.1 (ANALOG:18)    
BT_M2_WAKE_AP                     J10.20 (BIDIR:18)    J2.124 (BIDIR:5)     R102.2 (ANALOG:18)   
BUCK_1V1_FB                       C165.2 (ANALOG:12)   R177.2 (ANALOG:12)   R178.1 (ANALOG:12)   U26.5 (INPUT:12)     
BUCK_1V1_FB_MID                   C165.1 (ANALOG:12)   R176.2 (ANALOG:12)   R177.1 (ANALOG:12)   
BUCK_1V1_SW                       L19.1 (ANALOG:12)    U26.2 (POWER:12)     
BUCK_3V3_BST                      R23.1 (ANALOG:9)     U4.10 (ANALOG:9)     
BUCK_3V3_BST_R                    C24.1 (ANALOG:9)     R23.2 (ANALOG:9)     
BUCK_3V3_DRVH                     Q6.4 (ANALOG:9)      U4.9 (ANALOG:9)      
BUCK_3V3_DRVL                     Q7.4 (ANALOG:9)      R25.1 (ANALOG:9)     U4.7 (ANALOG:9)      
BUCK_3V3_EN                       Q36.1 (ANALOG:9)     U18.13 (BIDIR:25)    U23.4 (OUTPUT:25)    U4.4 (INPUT:9)       
BUCK_3V3_FB                       C26.2 (ANALOG:9)     R27.2 (ANALOG:9)     R28.1 (ANALOG:9)     U4.1 (ANALOG:9)      
BUCK_3V3_FB_MID                   R26.2 (ANALOG:9)     R27.1 (ANALOG:9)     R29.1 (ANALOG:9)     
BUCK_3V3_FB_MID_R                 C26.1 (ANALOG:9)     R29.2 (ANALOG:9)     
BUCK_3V3_PG                       R164.2 (ANALOG:9)    R175.1 (ANALOG:12)   R225.2 (ANALOG:25)   R91.2 (ANALOG:16)    U26.4 (INPUT:12)     
                                  U4.2 (OUTPUT:9)      U5.3 (ANALOG:10)     
BUCK_3V3_SNUB                     C22.1 (ANALOG:9)     R24.2 (ANALOG:9)     
BUCK_3V3_SW                       C24.2 (ANALOG:9)     L5.1 (ANALOG:9)      L6.1 (ANALOG:9)      Q6.1 (ANALOG:9)      Q6.2 (ANALOG:9)      
                                  Q6.3 (ANALOG:9)      Q7.5 (ANALOG:9)      R24.1 (ANALOG:9)     U4.8 (ANALOG:9)      
BUCK_3V3_VREG5                    C19.1 (ANALOG:9)     U4.3 (POWER:9)       
BUCK_5V_BST                       R15.1 (ANALOG:8)     U3.10 (ANALOG:8)     
BUCK_5V_BST_R                     C12.1 (ANALOG:8)     R15.2 (ANALOG:8)     
BUCK_5V_DRVH                      Q4.4 (ANALOG:8)      U3.9 (ANALOG:8)      
BUCK_5V_DRVL                      Q5.4 (ANALOG:8)      R17.1 (ANALOG:8)     U3.7 (ANALOG:8)      
BUCK_5V_EN                        C6.1 (ANALOG:8)      R14.1 (ANALOG:8)     U3.4 (INPUT:8)       
BUCK_5V_FB                        C14.2 (ANALOG:8)     R19.2 (ANALOG:8)     R20.1 (ANALOG:8)     U3.1 (ANALOG:8)      
BUCK_5V_FB_MID                    R18.2 (ANALOG:8)     R19.1 (ANALOG:8)     R21.1 (ANALOG:8)     
BUCK_5V_FB_MID_R                  C14.1 (ANALOG:8)     R21.2 (ANALOG:8)     
BUCK_5V_PG(5V)                    Q29.1 (ANALOG:25)    R163.2 (ANALOG:8)    R197.1 (ANALOG:25)   U19.2 (INPUT:25)     U3.2 (OUTPUT:8)      
                                  U6.3 (ANALOG:10)     
BUCK_5V_SNUB                      C10.1 (ANALOG:8)     R16.2 (ANALOG:8)     
BUCK_5V_SW                        C12.2 (ANALOG:8)     L3.1 (ANALOG:8)      L4.1 (ANALOG:8)      Q4.1 (ANALOG:8)      Q4.2 (ANALOG:8)      
                                  Q4.3 (ANALOG:8)      Q5.5 (ANALOG:8)      R16.1 (ANALOG:8)     U3.8 (ANALOG:8)      
BUCK_5V_VREG5                     C7.1 (ANALOG:8)      U3.3 (POWER:8)       
CAM0_I2C_SCL                      J1.25 (BIDIR:17)     R94.2 (ANALOG:17)    U11.1 (BIDIR:17)     
CAM0_I2C_SDA                      J1.27 (BIDIR:17)     R97.2 (ANALOG:17)    U11.7 (BIDIR:17)     
CAM0_MCLK                         D36.1 (ANALOG:17)    J1.23 (BIDIR:17)     J2.116 (OUTPUT:5)    
CAM0_PWDN                         D39.1 (ANALOG:17)    J1.21 (BIDIR:17)     J2.114 (OUTPUT:5)    
CAM1_I2C_SCL                      J9.25 (BIDIR:17)     R96.2 (ANALOG:17)    U11.2 (BIDIR:17)     
CAM1_I2C_SDA                      J9.27 (BIDIR:17)     R98.2 (ANALOG:17)    U11.6 (BIDIR:17)     
CAM1_MCLK                         D28.1 (ANALOG:17)    J2.122 (OUTPUT:5)    J9.23 (BIDIR:17)     
CAM1_PWDN                         D33.1 (ANALOG:17)    J2.120 (OUTPUT:5)    J9.21 (BIDIR:17)     
CAM_I2C_SCL                       J2.213 (BIDIR:5)     R11.2 (ANALOG:5)     U11.3 (BIDIR:17)     U7.69 (BIDIR:12)     
CAM_I2C_SDA                       J2.215 (BIDIR:5)     R12.2 (ANALOG:5)     U11.5 (BIDIR:17)     U7.70 (BIDIR:12)     
CAM_MUX_OE*                       R95.1 (ANALOG:17)    U11.8 (INPUT:17)     
CAM_MUX_SEL                       J2.130 (BIDIR:5)     R93.1 (ANALOG:17)    U11.10 (INPUT:17)    
CAN_RX                            J17.1 (ANALOG:4)     J2.143 (BIDIR:4)     
CAN_TX                            J17.2 (ANALOG:4)     J2.145 (BIDIR:4)     
CGND(0V)                          C138.2 (ANALOG:26)   J15.19 (GROUND:26)   J15.20 (GROUND:26)   R148.2 (ANALOG:26)   R149.2 (ANALOG:26)   
                                  R150.2 (ANALOG:26)   R151.2 (ANALOG:26)   R152.2 (ANALOG:26)   R153.2 (ANALOG:26)   
CSI0_CLK_N                        D34.1 (ANALOG:17)    J1.15 (BIDIR:17)     J2.10 (INPUT:5)      
CSI0_CLK_P                        D37.1 (ANALOG:17)    J1.17 (BIDIR:17)     J2.12 (INPUT:5)      
CSI0_D0_N                         D24.1 (ANALOG:17)    J1.3 (BIDIR:17)      J2.4 (INPUT:5)       
CSI0_D0_P                         D26.1 (ANALOG:17)    J1.5 (BIDIR:17)      J2.6 (INPUT:5)       
CSI0_D1_N                         D29.1 (ANALOG:17)    J1.9 (BIDIR:17)      J2.16 (INPUT:5)      
CSI0_D1_P                         D31.1 (ANALOG:17)    J1.11 (BIDIR:17)     J2.18 (INPUT:5)      
CSI1_CLK_N                        J2.9 (INPUT:5)       TP36.1 (UNSPEC:5)    
CSI1_CLK_P                        J2.11 (INPUT:5)      TP35.1 (UNSPEC:5)    
CSI1_D0_N                         J2.3 (INPUT:5)       TP32.1 (UNSPEC:5)    
CSI1_D0_P                         J2.5 (INPUT:5)       TP31.1 (UNSPEC:5)    
CSI1_D1_N                         J2.15 (INPUT:5)      TP34.1 (UNSPEC:5)    
CSI1_D1_P                         J2.17 (INPUT:5)      TP33.1 (UNSPEC:5)    
CSI2_CLK_N                        D35.1 (ANALOG:17)    J2.28 (INPUT:5)      J9.15 (BIDIR:17)     
CSI2_CLK_P                        D38.1 (ANALOG:17)    J2.30 (INPUT:5)      J9.17 (BIDIR:17)     
CSI2_D0_N                         D25.1 (ANALOG:17)    J2.22 (INPUT:5)      J9.3 (BIDIR:17)      
CSI2_D0_P                         D27.1 (ANALOG:17)    J2.24 (INPUT:5)      J9.5 (BIDIR:17)      
CSI2_D1_N                         D30.1 (ANALOG:17)    J2.34 (INPUT:5)      J9.9 (BIDIR:17)      
CSI2_D1_P                         D32.1 (ANALOG:17)    J2.36 (INPUT:5)      J9.11 (BIDIR:17)     
CSI3_CLK_N                        J2.27 (INPUT:5)      TP42.1 (UNSPEC:5)    
CSI3_CLK_P                        J2.29 (INPUT:5)      TP41.1 (UNSPEC:5)    
CSI3_D0_N                         J2.21 (INPUT:5)      TP38.1 (UNSPEC:5)    
CSI3_D0_P                         J2.23 (INPUT:5)      TP37.1 (UNSPEC:5)    
CSI3_D1_N                         J2.33 (INPUT:5)      TP40.1 (UNSPEC:5)    
CSI3_D1_P                         J2.35 (INPUT:5)      TP39.1 (UNSPEC:5)    
CSI4_CLK_N                        J2.52 (INPUT:5)      TP20.1 (UNSPEC:5)    
CSI4_CLK_P                        J2.54 (INPUT:5)      TP19.1 (UNSPEC:5)    
CSI4_D0_N                         J2.46 (INPUT:5)      TP18.1 (UNSPEC:5)    
CSI4_D0_P                         J2.48 (INPUT:5)      TP17.1 (UNSPEC:5)    
CSI4_D1_N                         J2.58 (INPUT:5)      TP22.1 (UNSPEC:5)    
CSI4_D1_P                         J2.60 (INPUT:5)      TP21.1 (UNSPEC:5)    
CSI4_D2_N                         J2.40 (INPUT:5)      TP16.1 (UNSPEC:5)    
CSI4_D2_P                         J2.42 (INPUT:5)      TP15.1 (UNSPEC:5)    
CSI4_D3_N                         J2.64 (INPUT:5)      TP24.1 (UNSPEC:5)    
CSI4_D3_P                         J2.66 (INPUT:5)      TP23.1 (UNSPEC:5)    
CSI5_CLK_N                        J2.76 (OUTPUT:6)     TP30.1 (UNSPEC:6)    
CSI5_CLK_P                        J2.78 (OUTPUT:6)     TP29.1 (UNSPEC:6)    
CSI5_D0_N                         J2.70 (OUTPUT:6)     TP26.1 (UNSPEC:6)    
CSI5_D0_P                         J2.72 (OUTPUT:6)     TP25.1 (UNSPEC:6)    
CSI5_D1_N                         J2.82 (OUTPUT:6)     TP28.1 (UNSPEC:6)    
CSI5_D1_P                         J2.84 (OUTPUT:6)     TP27.1 (UNSPEC:6)    
DCIN_SENSE                        C154.1 (ANALOG:7)    R172.2 (ANALOG:7)    R173.1 (ANALOG:7)    U24.2 (OUTPUT:7)     
DCIN_SNUB                         C143.1 (ANALOG:7)    R171.2 (ANALOG:7)    
DCJ_IN(19.5V)                     C168.1 (ANALOG:7)    C171.1 (ANALOG:7)    D64.1 (ANALOG:7)     D65.1 (UNSPEC:7)     J16.1 (ANALOG:7)     
                                  J18.1 (ANALOG:7)     Q25.1 (ANALOG:7)     Q25.2 (ANALOG:7)     Q25.3 (ANALOG:7)     R171.1 (ANALOG:7)    
                                  R181.1 (ANALOG:7)    
DCJ_SS                            C168.2 (ANALOG:7)    Q25.4 (ANALOG:7)     R181.2 (ANALOG:7)    R182.1 (ANALOG:7)    
DCJ_UNPLUG(9V)                    Q28.1 (ANALOG:25)    R196.2 (ANALOG:25)   R226.1 (ANALOG:25)   
DCJ_UNPLUG_Q(19V)                 Q28.3 (ANALOG:25)    R142.1 (ANALOG:25)   
DCJ_UNPLUG_R(0V)                  Q29.3 (ANALOG:25)    R226.2 (ANALOG:25)   
DISCHG_3V3_SYS                    Q36.3 (ANALOG:9)     Q37.1 (ANALOG:9)     R204.2 (ANALOG:9)    
DP0_AUX_N                         J2.90 (BIDIR:6)      Q30.2 (ANALOG:16)    R192.1 (ANALOG:16)   
DP0_AUX_P                         J2.92 (BIDIR:6)      Q31.2 (ANALOG:16)    R193.1 (ANALOG:16)   
DP0_AUX_Q_N                       Q32.3 (ANALOG:16)    Q34.3 (ANALOG:16)    
DP0_AUX_Q_P                       Q33.3 (ANALOG:16)    Q35.3 (ANALOG:16)    
DP0_AUX_R_N                       C102.1 (ANALOG:16)   Q30.3 (ANALOG:16)    Q32.2 (ANALOG:16)    
DP0_AUX_R_P                       C103.1 (ANALOG:16)   Q31.3 (ANALOG:16)    Q33.2 (ANALOG:16)    
DP0_HPD                           J2.88 (INPUT:6)      Q15.3 (ANALOG:16)    R76.2 (ANALOG:16)    
DP0_HPD_B                         Q15.1 (ANALOG:16)    R85.1 (ANALOG:16)    
DP0_HPD_C                         Q16.3 (ANALOG:16)    R85.2 (ANALOG:16)    R86.2 (ANALOG:16)    
DP0_TXD0_N                        C97.1 (ANALOG:16)    J2.39 (OUTPUT:6)     
DP0_TXD0_P                        C101.1 (ANALOG:16)   J2.41 (OUTPUT:6)     
DP0_TXD1_N                        C96.1 (ANALOG:16)    J2.45 (OUTPUT:6)     
DP0_TXD1_P                        C100.1 (ANALOG:16)   J2.47 (OUTPUT:6)     
DP0_TXD2_N                        C95.1 (ANALOG:16)    J2.51 (OUTPUT:6)     
DP0_TXD2_P                        C99.1 (ANALOG:16)    J2.53 (OUTPUT:6)     
DP0_TXD3_N                        C94.1 (ANALOG:16)    J2.57 (OUTPUT:6)     
DP0_TXD3_P                        C98.1 (ANALOG:16)    J2.59 (OUTPUT:6)     
DP_CON_AUXN                       C102.2 (ANALOG:16)   D21.4 (ANALOG:16)    D21.7 (ANALOG:16)    J8.36 (BIDIR:16)     Q34.2 (ANALOG:16)    
                                  R90.2 (ANALOG:16)    
DP_CON_AUXP                       C103.2 (ANALOG:16)   D21.5 (ANALOG:16)    D21.6 (ANALOG:16)    J8.34 (BIDIR:16)     Q35.2 (ANALOG:16)    
                                  R89.1 (ANALOG:16)    
DP_CON_LANE0_N                    D22.4 (ANALOG:16)    D22.7 (ANALOG:16)    J8.22 (INPUT:16)     L18.1 (ANALOG:16)    R83.2 (ANALOG:16)    
DP_CON_LANE0_P                    D22.5 (ANALOG:16)    D22.6 (ANALOG:16)    J8.20 (INPUT:16)     L18.2 (ANALOG:16)    R84.2 (ANALOG:16)    
DP_CON_LANE0_R_N                  C97.2 (ANALOG:16)    L18.4 (ANALOG:16)    R83.1 (ANALOG:16)    
DP_CON_LANE0_R_P                  C101.2 (ANALOG:16)   L18.3 (ANALOG:16)    R84.1 (ANALOG:16)    
DP_CON_LANE1_N                    D23.2 (ANALOG:16)    D23.9 (ANALOG:16)    J8.25 (INPUT:16)     L17.2 (ANALOG:16)    R81.2 (ANALOG:16)    
DP_CON_LANE1_P                    D23.1 (ANALOG:16)    D23.10 (ANALOG:16)   J8.23 (INPUT:16)     L17.1 (ANALOG:16)    R82.2 (ANALOG:16)    
DP_CON_LANE1_R_N                  C96.2 (ANALOG:16)    L17.3 (ANALOG:16)    R81.1 (ANALOG:16)    
DP_CON_LANE1_R_P                  C100.2 (ANALOG:16)   L17.4 (ANALOG:16)    R82.1 (ANALOG:16)    
DP_CON_LANE2_N                    D22.1 (ANALOG:16)    D22.10 (ANALOG:16)   J8.28 (INPUT:16)     L16.1 (ANALOG:16)    R79.2 (ANALOG:16)    
DP_CON_LANE2_P                    D22.2 (ANALOG:16)    D22.9 (ANALOG:16)    J8.26 (INPUT:16)     L16.2 (ANALOG:16)    R80.2 (ANALOG:16)    
DP_CON_LANE2_R_N                  C95.2 (ANALOG:16)    L16.4 (ANALOG:16)    R79.1 (ANALOG:16)    
DP_CON_LANE2_R_P                  C99.2 (ANALOG:16)    L16.3 (ANALOG:16)    R80.1 (ANALOG:16)    
DP_CON_LANE3_N                    D23.5 (ANALOG:16)    D23.6 (ANALOG:16)    J8.31 (INPUT:16)     L15.2 (ANALOG:16)    R77.2 (ANALOG:16)    
DP_CON_LANE3_P                    D23.4 (ANALOG:16)    D23.7 (ANALOG:16)    J8.29 (INPUT:16)     L15.1 (ANALOG:16)    R78.2 (ANALOG:16)    
DP_CON_LANE3_R_N                  C94.2 (ANALOG:16)    L15.3 (ANALOG:16)    R77.1 (ANALOG:16)    
DP_CON_LANE3_R_P                  C98.2 (ANALOG:16)    L15.4 (ANALOG:16)    R78.1 (ANALOG:16)    
DP_HPD_CON                        C104.1 (ANALOG:16)   D21.1 (ANALOG:16)    D21.10 (ANALOG:16)   J8.37 (OUTPUT:16)    R88.2 (ANALOG:16)    
DP_HPD_CON_R                      Q16.1 (ANALOG:16)    R87.1 (ANALOG:16)    R88.1 (ANALOG:16)    
DP_ILIM                           R92.1 (ANALOG:16)    U10.3 (OC:16)        
DP_MODE                           J8.32 (OUTPUT:16)    R194.1 (ANALOG:16)   U27.2 (INPUT:16)     
DP_MODE_LS                        Q32.1 (ANALOG:16)    Q33.1 (ANALOG:16)    Q34.1 (ANALOG:16)    Q35.1 (ANALOG:16)    U27.4 (OUTPUT:16)    
DP_SW_EN                          R91.1 (ANALOG:16)    U10.4 (INPUT:16)     
DSP1_DN                           L10.2 (ANALOG:13)    R167.1 (ANALOG:13)   U7.50 (BIDIR:12)     
DSP1_DP                           L10.1 (ANALOG:13)    R169.1 (ANALOG:13)   U7.49 (BIDIR:12)     
DSP1_SSRX_N                       L20.3 (ANALOG:13)    R206.1 (ANALOG:13)   U7.8 (INPUT:12)      
DSP1_SSRX_P                       L20.4 (ANALOG:13)    R207.1 (ANALOG:13)   U7.9 (INPUT:12)      
DSP1_SSTX_N                       C66.1 (ANALOG:13)    U7.13 (OUTPUT:12)    
DSP1_SSTX_P                       C64.1 (ANALOG:13)    U7.12 (OUTPUT:12)    
DSP2_DN                           L1.2 (ANALOG:13)     R41.1 (ANALOG:13)    U7.52 (BIDIR:12)     
DSP2_DP                           L1.1 (ANALOG:13)     R42.1 (ANALOG:13)    U7.51 (BIDIR:12)     
DSP2_SSRX_N                       L21.4 (ANALOG:13)    R208.1 (ANALOG:13)   U7.2 (INPUT:12)      
DSP2_SSRX_P                       L21.3 (ANALOG:13)    R209.1 (ANALOG:13)   U7.3 (INPUT:12)      
DSP2_SSTX_N                       C67.1 (ANALOG:13)    U7.6 (OUTPUT:12)     
DSP2_SSTX_P                       C65.1 (ANALOG:13)    U7.5 (OUTPUT:12)     
DSP3_DN                           L2.2 (ANALOG:14)     R46.1 (ANALOG:14)    U7.54 (BIDIR:12)     
DSP3_DP                           L2.1 (ANALOG:14)     R47.1 (ANALOG:14)    U7.53 (BIDIR:12)     
DSP3_SSRX_N                       L25.3 (ANALOG:14)    R216.1 (ANALOG:14)   U7.30 (INPUT:12)     
DSP3_SSRX_P                       L25.4 (ANALOG:14)    R217.1 (ANALOG:14)   U7.31 (INPUT:12)     
DSP3_SSTX_N                       C74.1 (ANALOG:14)    U7.34 (OUTPUT:12)    
DSP3_SSTX_P                       C72.1 (ANALOG:14)    U7.33 (OUTPUT:12)    
DSP4_DN                           L8.1 (ANALOG:14)     R44.1 (ANALOG:14)    U7.56 (BIDIR:12)     
DSP4_DP                           L8.2 (ANALOG:14)     R45.1 (ANALOG:14)    U7.55 (BIDIR:12)     
DSP4_SSRX_N                       L24.3 (ANALOG:14)    R214.1 (ANALOG:14)   U7.24 (INPUT:12)     
DSP4_SSRX_P                       L24.4 (ANALOG:14)    R215.1 (ANALOG:14)   U7.25 (INPUT:12)     
DSP4_SSTX_N                       C75.1 (ANALOG:14)    U7.28 (OUTPUT:12)    
DSP4_SSTX_P                       C73.1 (ANALOG:14)    U7.27 (OUTPUT:12)    
EN_PWR_PATH                       Q23.1 (ANALOG:20)    Q24.3 (ANALOG:20)    R180.1 (ANALOG:20)   
FAN_PWM                           J2.230 (BIDIR:5)     R119.1 (ANALOG:21)   U15.4 (BIDIR:21)     
FAN_PWM_Q*                        J13.4 (ANALOG:21)    R122.1 (ANALOG:21)   U15.3 (BIDIR:21)     
FAN_TACH(1.8V)                    J2.208 (BIDIR:5)     Q20.2 (ANALOG:21)    R123.2 (ANALOG:21)   
FAN_TACH_CON(5V)                  J13.3 (ANALOG:21)    Q20.3 (ANALOG:21)    R124.2 (ANALOG:21)   
FAN_VDD                           C132.1 (ANALOG:21)   J13.2 (ANALOG:21)    R124.1 (ANALOG:21)   VS19.2 (ANALOG:21)   
FORCE_OFF*                        C169.1 (ANALOG:25)   D62.1 (ANALOG:25)    D62.2 (ANALOG:25)    D66.1 (UNSPEC:25)    R142.2 (ANALOG:25)   
                                  R195.1 (ANALOG:25)   R198.2 (ANALOG:25)   U18.14 (BIDIR:25)    
FORCE_RECOVERY*                   D2.1 (ANALOG:4)      J14.10 (ANALOG:21)   J2.214 (INPUT:4)     
GBE_LED_ACT                       J2.194 (OUTPUT:5)    R147.1 (ANALOG:26)   
GBE_LED_LINK                      J2.188 (OUTPUT:5)    R146.1 (ANALOG:26)   
GBE_MDI0_N                        J15.2 (BIDIR:26)     J2.184 (BIDIR:5)     
GBE_MDI0_P                        J15.1 (ANALOG:26)    J2.186 (BIDIR:5)     
GBE_MDI1_N                        J15.6 (BIDIR:26)     J2.190 (BIDIR:5)     
GBE_MDI1_P                        J15.3 (BIDIR:26)     J2.192 (BIDIR:5)     
GBE_MDI2_N                        J15.8 (ANALOG:26)    J2.196 (BIDIR:5)     
GBE_MDI2_P                        J15.7 (ANALOG:26)    J2.198 (BIDIR:5)     
GBE_MDI3_N                        J15.10 (BIDIR:26)    J2.202 (BIDIR:5)     
GBE_MDI3_P                        J15.9 (BIDIR:26)     J2.204 (BIDIR:5)     
GND(0V)                           C10.2 (ANALOG:8)     C104.2 (ANALOG:16)   C105.2 (ANALOG:16)   C106.2 (ANALOG:17)   C107.2 (ANALOG:17)   
                                  C108.2 (ANALOG:18)   C109.2 (ANALOG:18)   C11.2 (ANALOG:8)     C110.2 (ANALOG:18)   C111.2 (ANALOG:18)   
                                  C114.2 (ANALOG:19)   C115.2 (ANALOG:19)   C124.2 (ANALOG:20)   C125.2 (ANALOG:20)   C126.2 (ANALOG:20)   
                                  C127.2 (ANALOG:13)   C128.2 (ANALOG:20)   C129.1 (ANALOG:21)   C130.2 (ANALOG:21)   C132.2 (ANALOG:21)   
                                  C133.2 (ANALOG:21)   C134.2 (ANALOG:21)   C135.2 (ANALOG:25)   C136.2 (ANALOG:26)   C137.2 (ANALOG:26)   
                                  C138.1 (ANALOG:26)   C142.2 (ANALOG:25)   C143.2 (ANALOG:7)    C144.2 (ANALOG:19)   C145.2 (ANALOG:4)    
                                  C146.2 (ANALOG:4)    C147.2 (ANALOG:4)    C148.2 (ANALOG:8)    C149.2 (ANALOG:8)    C15.2 (ANALOG:8)     
                                  C150.2 (ANALOG:9)    C151.2 (ANALOG:9)    C152.2 (ANALOG:7)    C153.2 (ANALOG:7)    C154.2 (ANALOG:7)    
                                  C155.2 (ANALOG:12)   C156.2 (ANALOG:12)   C157.2 (ANALOG:13)   C158.2 (ANALOG:14)   C16.2 (ANALOG:8)     
                                  C160.2 (ANALOG:14)   C163.2 (ANALOG:12)   C164.2 (ANALOG:12)   C166.2 (ANALOG:12)   C167.2 (ANALOG:12)   
                                  C169.2 (ANALOG:25)   C170.2 (ANALOG:12)   C171.2 (ANALOG:7)    C172.2 (ANALOG:13)   C173.2 (ANALOG:14)   
                                  C174.2 (ANALOG:16)   C175.2 (ANALOG:9)    C19.2 (ANALOG:9)     C20.2 (ANALOG:9)     C21.2 (ANALOG:9)     
                                  C22.2 (ANALOG:9)     C23.2 (ANALOG:9)     C27.2 (ANALOG:9)     C28.2 (ANALOG:9)     C30.2 (ANALOG:10)    
                                  C31.2 (ANALOG:10)    C32.2 (ANALOG:10)    C33.2 (ANALOG:10)    C35.2 (ANALOG:10)    C36.2 (ANALOG:10)    
                                  C38.2 (ANALOG:11)    C39.2 (ANALOG:11)    C40.2 (ANALOG:12)    C41.2 (ANALOG:12)    C42.2 (ANALOG:12)    
                                  C43.2 (ANALOG:12)    C44.2 (ANALOG:12)    C45.2 (ANALOG:12)    C46.2 (ANALOG:12)    C47.2 (ANALOG:12)    
                                  C48.2 (ANALOG:12)    C49.2 (ANALOG:12)    C51.2 (ANALOG:12)    C52.2 (ANALOG:12)    C55.2 (ANALOG:12)    
                                  C56.2 (ANALOG:12)    C58.2 (ANALOG:12)    C6.2 (ANALOG:8)      C61.2 (ANALOG:12)    C63.1 (ANALOG:12)    
                                  C7.2 (ANALOG:8)      C76.2 (ANALOG:15)    C77.2 (ANALOG:15)    C8.2 (ANALOG:8)      C86.2 (ANALOG:15)    
                                  C87.2 (ANALOG:15)    C88.2 (ANALOG:15)    C89.2 (ANALOG:15)    C9.2 (ANALOG:8)      C90.2 (ANALOG:15)    
                                  C91.2 (ANALOG:15)    C93.2 (ANALOG:15)    D1.2 (ANALOG:4)      D10.3 (GROUND:13)    D11.3 (GROUND:14)    
                                  D12.3 (GROUND:14)    D13.3 (GROUND:14)    D14.3 (GROUND:15)    D16.2 (ANALOG:15)    D17.2 (ANALOG:15)    
                                  D18.2 (ANALOG:15)    D19.3 (GROUND:15)    D2.2 (ANALOG:4)      D20.2 (ANALOG:15)    D21.3 (GROUND:16)    
                                  D22.3 (GROUND:16)    D23.3 (GROUND:16)    D24.2 (ANALOG:17)    D25.2 (ANALOG:17)    D26.2 (ANALOG:17)    
                                  D27.2 (ANALOG:17)    D28.2 (ANALOG:17)    D29.2 (ANALOG:17)    D3.2 (ANALOG:4)      D30.2 (ANALOG:17)    
                                  D31.2 (ANALOG:17)    D32.2 (ANALOG:17)    D33.2 (ANALOG:17)    D34.2 (ANALOG:17)    D35.2 (ANALOG:17)    
                                  D36.2 (ANALOG:17)    D37.2 (ANALOG:17)    D38.2 (ANALOG:17)    D39.2 (ANALOG:17)    D40.2 (ANALOG:18)    
                                  D41.2 (ANALOG:18)    D42.2 (ANALOG:20)    D43.2 (ANALOG:20)    D44.2 (ANALOG:20)    D45.2 (ANALOG:20)    
                                  D46.2 (ANALOG:21)    D48.2 (ANALOG:21)    D49.2 (ANALOG:21)    D5.2 (ANALOG:11)     D6.2 (ANALOG:11)     
                                  D64.2 (ANALOG:7)     D65.2 (UNSPEC:7)     D66.2 (UNSPEC:25)    D7.2 (ANALOG:11)     D8.3 (GROUND:13)     
                                  D9.3 (GROUND:13)     J1.1 (BIDIR:17)      J1.13 (BIDIR:17)     J1.19 (BIDIR:17)     J1.7 (BIDIR:17)      
                                  J10.1 (POWER:18)     J10.18 (GROUND:18)   J10.33 (GROUND:18)   J10.39 (GROUND:18)   J10.45 (GROUND:18)   
                                  J10.51 (GROUND:18)   J10.57 (GROUND:18)   J10.63 (GROUND:18)   J10.69 (GROUND:18)   J10.7 (GROUND:18)    
                                  J10.75 (GROUND:18)   J10.76 (GROUND:18)   J10.77 (GROUND:18)   J11.1 (GROUND:19)    J11.15 (GROUND:19)   
                                  J11.21 (GROUND:19)   J11.27 (GROUND:19)   J11.3 (GROUND:19)    J11.33 (GROUND:19)   J11.39 (GROUND:19)   
                                  J11.45 (GROUND:19)   J11.51 (GROUND:19)   J11.57 (GROUND:19)   J11.71 (GROUND:19)   J11.73 (GROUND:19)   
                                  J11.75 (GROUND:19)   J11.76 (GROUND:19)   J11.77 (GROUND:19)   J11.9 (GROUND:19)    J12.14 (ANALOG:20)   
                                  J12.20 (ANALOG:20)   J12.25 (ANALOG:20)   J12.30 (ANALOG:20)   J12.34 (ANALOG:20)   J12.39 (ANALOG:20)   
                                  J12.6 (ANALOG:20)    J12.9 (ANALOG:20)    J13.1 (ANALOG:21)    J14.11 (ANALOG:21)   J14.7 (ANALOG:21)    
                                  J14.9 (ANALOG:21)    J16.2 (ANALOG:7)     J16.3 (ANALOG:7)     J17.4 (ANALOG:4)     J18.2 (ANALOG:7)     
                                  J2.1 (GROUND:4)      J2.102 (GROUND:4)    J2.107 (GROUND:4)    J2.113 (GROUND:4)    J2.119 (GROUND:4)    
                                  J2.125 (GROUND:4)    J2.129 (GROUND:4)    J2.13 (GROUND:4)     J2.132 (GROUND:4)    J2.135 (GROUND:4)    
                                  J2.138 (GROUND:4)    J2.14 (GROUND:4)     J2.141 (GROUND:4)    J2.144 (GROUND:4)    J2.146 (GROUND:4)    
                                  J2.147 (GROUND:4)    J2.152 (GROUND:4)    J2.153 (GROUND:4)    J2.158 (GROUND:4)    J2.159 (GROUND:4)    
                                  J2.164 (GROUND:4)    J2.165 (GROUND:4)    J2.170 (GROUND:4)    J2.171 (GROUND:4)    J2.176 (GROUND:4)    
                                  J2.177 (GROUND:4)    J2.19 (GROUND:4)     J2.2 (GROUND:4)      J2.20 (GROUND:4)     J2.200 (GROUND:4)    
                                  J2.201 (GROUND:4)    J2.217 (GROUND:4)    J2.231 (GROUND:4)    J2.241 (GROUND:4)    J2.242 (GROUND:4)    
                                  J2.243 (GROUND:4)    J2.244 (GROUND:4)    J2.245 (GROUND:4)    J2.246 (GROUND:4)    J2.247 (GROUND:4)    
                                  J2.248 (GROUND:4)    J2.249 (GROUND:4)    J2.25 (GROUND:4)     J2.250 (GROUND:4)    J2.26 (GROUND:4)     
                                  J2.261 (GROUND:4)    J2.262 (GROUND:4)    J2.31 (GROUND:4)     J2.32 (GROUND:4)     J2.37 (GROUND:4)     
                                  J2.38 (GROUND:4)     J2.43 (GROUND:4)     J2.44 (GROUND:4)     J2.49 (GROUND:4)     J2.50 (GROUND:4)     
                                  J2.55 (GROUND:4)     J2.56 (GROUND:4)     J2.61 (GROUND:4)     J2.62 (GROUND:4)     J2.67 (GROUND:4)     
                                  J2.68 (GROUND:4)     J2.7 (GROUND:4)      J2.73 (GROUND:4)     J2.74 (GROUND:4)     J2.79 (GROUND:4)     
                                  J2.8 (GROUND:4)      J2.80 (GROUND:4)     J2.85 (GROUND:4)     J2.86 (GROUND:4)     J3.2 (ANALOG:4)      
                                  J5.5 (GROUND:11)     J5.6 (GROUND:11)     J5.7 (GROUND:11)     J5.8 (GROUND:11)     J5.9 (GROUND:11)     
                                  J6.13 (GROUND:13)    J6.16 (GROUND:13)    J6.19 (GROUND:13)    J6.20 (GROUND:13)    J6.21 (GROUND:13)    
                                  J6.22 (GROUND:13)    J6.23 (GROUND:13)    J6.24 (GROUND:13)    J6.25 (GROUND:13)    J6.26 (GROUND:13)    
                                  J6.27 (GROUND:13)    J6.4 (GROUND:13)     J6.7 (GROUND:13)     J7.13 (GROUND:14)    J7.16 (GROUND:14)    
                                  J7.19 (GROUND:14)    J7.20 (GROUND:14)    J7.21 (GROUND:14)    J7.22 (GROUND:14)    J7.23 (GROUND:14)    
                                  J7.24 (GROUND:14)    J7.25 (GROUND:14)    J7.26 (GROUND:14)    J7.27 (GROUND:14)    J7.4 (GROUND:14)     
                                  J7.7 (GROUND:14)     J8.11 (POWER:15)     J8.17 (POWER:15)     J8.2 (POWER:15)      J8.21 (GROUND:16)    
                                  J8.24 (GROUND:16)    J8.27 (GROUND:16)    J8.30 (GROUND:16)    J8.35 (GROUND:16)    J8.38 (POWER:16)     
                                  J8.40 (GROUND:15)    J8.41 (GROUND:15)    J8.42 (GROUND:15)    J8.43 (GROUND:15)    J8.5 (POWER:15)      
                                  J8.8 (POWER:15)      J9.1 (BIDIR:17)      J9.13 (BIDIR:17)     J9.19 (BIDIR:17)     J9.7 (BIDIR:17)      
                                  MEC1.1 (ANALOG:18)   MEC2.1 (ANALOG:19)   MEC3.1 (ANALOG:22)   MEC3.2 (ANALOG:22)   Q1.2 (ANALOG:4)      
                                  Q11.2 (ANALOG:15)    Q14.2 (ANALOG:15)    Q15.2 (ANALOG:16)    Q16.2 (ANALOG:16)    Q17.2 (ANALOG:18)    
                                  Q18.2 (ANALOG:18)    Q21.2 (ANALOG:21)    Q29.2 (ANALOG:25)    Q36.2 (ANALOG:9)     Q37.2 (ANALOG:9)     
                                  Q5.1 (ANALOG:8)      Q5.2 (ANALOG:8)      Q5.3 (ANALOG:8)      Q7.1 (ANALOG:9)      Q7.2 (ANALOG:9)      
                                  Q7.3 (ANALOG:9)      Q8.2 (ANALOG:11)     R116.1 (ANALOG:20)   R119.2 (ANALOG:21)   R121.1 (ANALOG:21)   
                                  R122.2 (ANALOG:21)   R126.2 (ANALOG:21)   R128.2 (ANALOG:21)   R130.2 (ANALOG:21)   R132.2 (ANALOG:21)   
                                  R137.2 (ANALOG:25)   R138.2 (ANALOG:25)   R148.1 (ANALOG:26)   R149.1 (ANALOG:26)   R150.1 (ANALOG:26)   
                                  R151.1 (ANALOG:26)   R152.1 (ANALOG:26)   R153.1 (ANALOG:26)   R166.2 (ANALOG:25)   R17.2 (ANALOG:8)     
                                  R173.2 (ANALOG:7)    R174.2 (ANALOG:14)   R175.2 (ANALOG:12)   R178.2 (ANALOG:12)   R179.2 (ANALOG:20)   
                                  R180.2 (ANALOG:20)   R182.2 (ANALOG:7)    R192.2 (ANALOG:16)   R193.2 (ANALOG:16)   R194.2 (ANALOG:16)   
                                  R195.2 (ANALOG:25)   R197.2 (ANALOG:25)   R20.2 (ANALOG:8)     R203.2 (ANALOG:25)   R223.2 (ANALOG:21)   
                                  R25.2 (ANALOG:9)     R28.2 (ANALOG:9)     R31.2 (ANALOG:10)    R33.2 (ANALOG:11)    R35.1 (ANALOG:12)    
                                  R40.2 (ANALOG:13)    R48.2 (ANALOG:15)    R49.2 (ANALOG:15)    R50.2 (ANALOG:15)    R74.2 (ANALOG:15)    
                                  R87.2 (ANALOG:16)    R89.2 (ANALOG:16)    R92.2 (ANALOG:16)    R93.2 (ANALOG:17)    R95.2 (ANALOG:17)    
                                  TP11.1 (UNSPEC:25)   U1.3 (GROUND:6)      U10.2 (GROUND:16)    U11.4 (GROUND:17)    U12.11 (GROUND:20)   
                                  U12.21 (GROUND:20)   U13.11 (GROUND:20)   U13.21 (GROUND:20)   U14.11 (GROUND:20)   U14.21 (GROUND:20)   
                                  U15.2 (GROUND:21)    U15.5 (INPUT:21)     U16.4 (GROUND:21)    U17.4 (GROUND:21)    U17.9 (GROUND:21)    
                                  U18.12 (GROUND:25)   U18.21 (GROUND:25)   U18.3 (GROUND:25)    U19.3 (GROUND:25)    U21.2 (GROUND:13)    
                                  U22.1 (INPUT:25)     U22.3 (GROUND:25)    U23.1 (INPUT:25)     U23.3 (GROUND:25)    U24.3 (GROUND:7)     
                                  U24.4(???-7)         U24.5(???-7)         U25.2 (GROUND:14)    U26.1 (GROUND:12)    U27.1 (INPUT:16)     
                                  U27.3 (GROUND:16)    U28.4 (POWER:12)     U3.6 (POWER:8)       U4.6 (POWER:9)       U5.2 (GROUND:10)     
                                  U5.4 (GROUND:10)     U6.2 (GROUND:10)     U7.26 (GROUND:12)    U7.32 (GROUND:12)    U7.4 (GROUND:12)     
                                  U7.89 (GROUND:12)    U8.4 (GROUND:15)     U9.2 (GROUND:15)     Y1.2 (NC:12)         Y1.4 (NC:12)         
                                  Y2.2 (GROUND:19)     
GPIO01                            J2.118 (BIDIR:5)     U13.9 (BIDIR:20)     
GPIO01_LS                         J12.29 (ANALOG:20)   U13.12 (BIDIR:20)    
GPIO07                            J2.206 (BIDIR:5)     U12.7 (BIDIR:20)     
GPIO07_LS                         J12.32 (ANALOG:20)   U12.14 (BIDIR:20)    
GPIO09                            J2.211 (BIDIR:5)     U13.6 (BIDIR:20)     
GPIO09_LS                         J12.7 (ANALOG:20)    U13.15 (BIDIR:20)    
GPIO11                            J2.216 (BIDIR:5)     U13.8 (BIDIR:20)     
GPIO11_LS                         J12.31 (ANALOG:20)   U13.13 (BIDIR:20)    
GPIO12                            J2.218 (BIDIR:5)     U12.8 (BIDIR:20)     
GPIO12_LS                         J12.15 (ANALOG:20)   U12.13 (BIDIR:20)    
GPIO13                            J2.228 (BIDIR:5)     U13.7 (BIDIR:20)     
GPIO13_LS                         J12.33 (ANALOG:20)   U13.14 (BIDIR:20)    
GREEN_LED                         J15.16 (ANALOG:26)   R146.2 (ANALOG:26)   
HDMI_CEC                          D15.1 (ANALOG:15)    J2.94 (BIDIR:6)      Q13.2 (ANALOG:15)    R62.2 (ANALOG:15)    
HDMI_CEC_CON                      C90.1 (ANALOG:15)    D18.1 (ANALOG:15)    J8.13 (INPUT:15)     L14.2 (ANALOG:15)    
HDMI_CEC_PU                       D15.2 (ANALOG:15)    R61.1 (ANALOG:15)    
HDMI_CEC_Q                        D15.3 (ANALOG:15)    L14.1 (ANALOG:15)    Q13.3 (ANALOG:15)    
HDMI_DDC_SCL                      J2.100 (BIDIR:6)     Q12.1 (ANALOG:15)    R60.2 (ANALOG:15)    
HDMI_DDC_SCL_5V0                  C91.1 (ANALOG:15)    D17.1 (ANALOG:15)    J8.15 (INPUT:15)     Q12.6 (ANALOG:15)    R64.2 (ANALOG:15)    
HDMI_DDC_SDA                      J2.98 (BIDIR:6)      Q12.4 (ANALOG:15)    R59.2 (ANALOG:15)    
HDMI_DDC_SDA_5V0                  C89.1 (ANALOG:15)    D16.1 (ANALOG:15)    J8.16 (INPUT:15)     Q12.3 (ANALOG:15)    R63.2 (ANALOG:15)    
HDMI_HPD(1.8V)                    J2.96 (INPUT:6)      Q14.3 (ANALOG:15)    R65.2 (ANALOG:15)    
HDMI_HPD_CON                      C93.1 (ANALOG:15)    D20.1 (ANALOG:15)    J8.19 (OUTPUT:15)    R202.2 (ANALOG:15)   
HDMI_HPD_CON_Q(3.3V)              Q14.1 (ANALOG:15)    R74.1 (ANALOG:15)    R75.2 (ANALOG:15)    
HDMI_HPD_CON_R                    R202.1 (ANALOG:15)   R75.1 (ANALOG:15)    
HDMI_ILIM                         R50.1 (ANALOG:15)    U9.3 (OC:15)         
HDMI_TX0_N                        C79.1 (ANALOG:15)    J2.75 (OUTPUT:6)     
HDMI_TX0_P                        C83.1 (ANALOG:15)    J2.77 (OUTPUT:6)     
HDMI_TX1_N                        C80.1 (ANALOG:15)    J2.69 (OUTPUT:6)     
HDMI_TX1_P                        C84.1 (ANALOG:15)    J2.71 (OUTPUT:6)     
HDMI_TX2_N                        C81.1 (ANALOG:15)    J2.63 (OUTPUT:6)     
HDMI_TX2_P                        C85.1 (ANALOG:15)    J2.65 (OUTPUT:6)     
HDMI_TXC_CON_LC_N                 C177.1 (ANALOG:15)   C78.2 (ANALOG:15)    L28.1 (ANALOG:15)    R51.2 (ANALOG:15)    
HDMI_TXC_CON_LC_P                 C177.2 (ANALOG:15)   C82.2 (ANALOG:15)    L29.1 (ANALOG:15)    R52.2 (ANALOG:15)    
HDMI_TXC_CON_N                    D14.2 (ANALOG:15)    D14.9 (ANALOG:15)    J8.12 (INPUT:15)     R66.2 (ANALOG:15)    
HDMI_TXC_CON_P                    D14.1 (ANALOG:15)    D14.10 (ANALOG:15)   J8.10 (INPUT:15)     R67.2 (ANALOG:15)    
HDMI_TXC_CON_R_N                  C181.1 (ANALOG:15)   L28.2 (ANALOG:15)    R66.1 (ANALOG:15)    
HDMI_TXC_CON_R_P                  C181.2 (ANALOG:15)   L29.2 (ANALOG:15)    R67.1 (ANALOG:15)    
HDMI_TXC_N                        C78.1 (ANALOG:15)    J2.81 (OUTPUT:6)     
HDMI_TXC_P                        C82.1 (ANALOG:15)    J2.83 (OUTPUT:6)     
HDMI_TXD0_CON_LC_N                C178.1 (ANALOG:15)   C79.2 (ANALOG:15)    L30.1 (ANALOG:15)    R53.2 (ANALOG:15)    
HDMI_TXD0_CON_LC_P                C178.2 (ANALOG:15)   C83.2 (ANALOG:15)    L31.1 (ANALOG:15)    R54.2 (ANALOG:15)    
HDMI_TXD0_CON_N                   D14.4 (ANALOG:15)    D14.7 (ANALOG:15)    J8.9 (INPUT:15)      R68.2 (ANALOG:15)    
HDMI_TXD0_CON_P                   D14.5 (ANALOG:15)    D14.6 (ANALOG:15)    J8.7 (INPUT:15)      R69.2 (ANALOG:15)    
HDMI_TXD0_CON_R_N                 C182.1 (ANALOG:15)   L30.2 (ANALOG:15)    R68.1 (ANALOG:15)    
HDMI_TXD0_CON_R_P                 C182.2 (ANALOG:15)   L31.2 (ANALOG:15)    R69.1 (ANALOG:15)    
HDMI_TXD1_CON_LC_N                C179.1 (ANALOG:15)   C80.2 (ANALOG:15)    L32.1 (ANALOG:15)    R55.2 (ANALOG:15)    
HDMI_TXD1_CON_LC_P                C179.2 (ANALOG:15)   C84.2 (ANALOG:15)    L33.1 (ANALOG:15)    R56.2 (ANALOG:15)    
HDMI_TXD1_CON_N                   D19.5 (ANALOG:15)    D19.6 (ANALOG:15)    J8.6 (INPUT:15)      R70.2 (ANALOG:15)    
HDMI_TXD1_CON_P                   D19.4 (ANALOG:15)    D19.7 (ANALOG:15)    J8.4 (INPUT:15)      R71.2 (ANALOG:15)    
HDMI_TXD1_CON_R_N                 C183.1 (ANALOG:15)   L32.2 (ANALOG:15)    R70.1 (ANALOG:15)    
HDMI_TXD1_CON_R_P                 C183.2 (ANALOG:15)   L33.2 (ANALOG:15)    R71.1 (ANALOG:15)    
HDMI_TXD2_CON_LC_N                C180.1 (ANALOG:15)   C81.2 (ANALOG:15)    L34.1 (ANALOG:15)    R57.2 (ANALOG:15)    
HDMI_TXD2_CON_LC_P                C180.2 (ANALOG:15)   C85.2 (ANALOG:15)    L35.1 (ANALOG:15)    R58.2 (ANALOG:15)    
HDMI_TXD2_CON_N                   D19.1 (ANALOG:15)    D19.10 (ANALOG:15)   J8.3 (INPUT:15)      R72.2 (ANALOG:15)    
HDMI_TXD2_CON_P                   D19.2 (ANALOG:15)    D19.9 (ANALOG:15)    J8.1 (INPUT:15)      R73.2 (ANALOG:15)    
HDMI_TXD2_CON_R_N                 C184.1 (ANALOG:15)   L34.2 (ANALOG:15)    R72.1 (ANALOG:15)    
HDMI_TXD2_CON_R_P                 C184.2 (ANALOG:15)   L35.2 (ANALOG:15)    R73.1 (ANALOG:15)    
HUB_ADC_CAP                       C55.1 (ANALOG:12)    U7.40 (POWER:12)     
HUB_DSP12_OCP                     R38.2 (ANALOG:12)    U21.3 (OC:13)        U7.21 (BIDIR:12)     U7.62 (BIDIR:12)     
HUB_DSP12_PWR_EN                  R40.1 (ANALOG:13)    U21.4 (INPUT:13)     U7.19 (BIDIR:12)     U7.64 (BIDIR:12)     
HUB_DSP34_OCP                     R36.2 (ANALOG:12)    U25.3 (OC:14)        U7.20 (BIDIR:12)     U7.63 (BIDIR:12)     
HUB_DSP34_PWR_EN                  R174.1 (ANALOG:14)   U25.4 (INPUT:14)     U7.18 (BIDIR:12)     U7.65 (BIDIR:12)     
HUB_PWR_DET                       R37.2 (ANALOG:12)    U7.36 (INPUT:12)     U7.39 (INPUT:12)     
HUB_XTAL_IN                       C61.1 (ANALOG:12)    U7.43 (INPUT:12)     Y1.1 (BIDIR:12)      
HUB_XTAL_OUT                      C63.2 (ANALOG:12)    U7.44 (OUTPUT:12)    Y1.3 (BIDIR:12)      
I2C1_SCL                          D44.1 (ANALOG:20)    J12.5 (ANALOG:20)    J2.189 (BIDIR:4)     R8.2 (ANALOG:4)      
I2C1_SDA                          D45.1 (ANALOG:20)    J12.3 (ANALOG:20)    J2.191 (BIDIR:4)     R10.2 (ANALOG:4)     
I2C2_M2E_SCL                      J10.60 (BIDIR:18)    R106.2 (ANALOG:18)   
I2C2_M2E_SDA                      J10.58 (BIDIR:18)    R107.2 (ANALOG:18)   
I2C2_M2M_SCL                      J11.40 (BIDIR:19)    R110.2 (ANALOG:19)   
I2C2_M2M_SDA                      J11.42 (BIDIR:19)    R111.2 (ANALOG:19)   
I2C2_SCL                          D41.1 (ANALOG:18)    J2.232 (BIDIR:4)     R106.1 (ANALOG:18)   R110.1 (ANALOG:19)   R6.2 (ANALOG:4)      
                                  U17.6 (INPUT:21)     
I2C2_SDA                          D40.1 (ANALOG:18)    J2.234 (BIDIR:4)     R107.1 (ANALOG:18)   R111.1 (ANALOG:19)   R5.2 (ANALOG:4)      
                                  U17.5 (BIDIR:21)     
I2S0_LRCK                         J2.197 (INPUT:5)     U13.5 (BIDIR:20)     
I2S0_LRCK_LS                      J12.35 (ANALOG:20)   U13.16 (BIDIR:20)    
I2S0_SCLK                         J2.199 (OUTPUT:5)    U13.1 (BIDIR:20)     
I2S0_SCLK_LS                      J12.12 (ANALOG:20)   U13.20 (BIDIR:20)    
I2S0_SDIN                         J2.195 (OUTPUT:5)    U13.4 (BIDIR:20)     
I2S0_SDIN_LS                      J12.38 (ANALOG:20)   U13.17 (BIDIR:20)    
I2S0_SDOUT                        J2.193 (OUTPUT:5)    U13.3 (BIDIR:20)     
I2S0_SDOUT_LS                     J12.40 (ANALOG:20)   U13.18 (BIDIR:20)    
I2S1_LRCK                         J10.10 (BIDIR:18)    J2.224 (OUTPUT:5)    
I2S1_SCLK                         J10.8 (BIDIR:18)     J2.226 (OUTPUT:5)    
I2S1_SDIN                         J10.12 (BIDIR:18)    J2.222 (INPUT:5)     
I2S1_SDOUT                        J10.14 (BIDIR:18)    J2.220 (OUTPUT:5)    
ID_I2C_SCL                        D42.1 (ANALOG:20)    J12.28 (ANALOG:20)   J2.185 (BIDIR:4)     R3.2 (ANALOG:4)      
ID_I2C_SDA                        D43.1 (ANALOG:20)    J12.27 (ANALOG:20)   J2.187 (BIDIR:4)     R4.2 (ANALOG:4)      
IFP_TERM(5V)                      Q11.3 (ANALOG:15)    R51.1 (ANALOG:15)    R52.1 (ANALOG:15)    R53.1 (ANALOG:15)    R54.1 (ANALOG:15)    
                                  R55.1 (ANALOG:15)    R56.1 (ANALOG:15)    R57.1 (ANALOG:15)    R58.1 (ANALOG:15)    
LED0_CTRL(1.8V)                   Q1.1 (ANALOG:4)      R1.2 (ANALOG:4)      R2.2 (ANALOG:4)      
LED1_CTRL                         Q21.1 (ANALOG:21)    R133.2 (ANALOG:21)   R134.2 (ANALOG:21)   R135.2 (ANALOG:21)   
LS_ENABLE                         R115.2 (ANALOG:20)   R116.2 (ANALOG:20)   U12.10 (BIDIR:20)    U13.10 (BIDIR:20)    U14.10 (BIDIR:20)    
M2E_ALERT*                        J10.62 (BIDIR:18)    J2.212 (BIDIR:5)     R101.2 (ANALOG:18)   
M2E_SUSCLK_32KHZ                  J10.50 (BIDIR:18)    R13.2 (ANALOG:6)     U1.4 (OUTPUT:6)      
M2M_ALERT*                        J11.44 (BIDIR:19)    R113.2 (ANALOG:19)   R185.1 (ANALOG:5)    
M2M_SUSCLK_32KHZ                  J11.68 (BIDIR:19)    Y2.3 (OUTPUT:19)     
M2_SDIO_CLK                       J10.9 (BIDIR:18)     R191.1 (ANALOG:18)   
M2_SDIO_CMD                       J10.11 (BIDIR:18)    R190.1 (ANALOG:18)   
M2_SDIO_D0                        J10.13 (BIDIR:18)    R189.1 (ANALOG:18)   
M2_SDIO_D1                        J10.15 (BIDIR:18)    R186.1 (ANALOG:5)    
M2_SDIO_D2                        J10.17 (BIDIR:18)    R188.1 (ANALOG:18)   
M2_SDIO_D3                        J10.19 (BIDIR:18)    R187.1 (ANALOG:18)   
MCT                               C136.1 (ANALOG:26)   J15.4 (BIDIR:26)     J15.5 (BIDIR:26)     
MICRO_USB_VBUS_DET                C38.1 (ANALOG:11)    C39.1 (ANALOG:11)    D5.1 (ANALOG:11)     J5.1 (POWER:11)      R32.1 (ANALOG:11)    
MOD_SLEEP*                        J2.178 (BIDIR:4)     R134.1 (ANALOG:21)   R2.1 (ANALOG:4)      R48.1 (ANALOG:15)    U8.3 (INPUT:15)      
PCIE0_CLKREQ                      J11.52 (BIDIR:19)    J2.180 (INPUT:6)     
PCIE0_CLK_N                       J11.53 (BIDIR:19)    J2.160 (OUTPUT:6)    
PCIE0_CLK_P                       J11.55 (BIDIR:19)    J2.162 (OUTPUT:6)    
PCIE0_RST                         J11.50 (BIDIR:19)    J2.181 (OUTPUT:6)    R114.2 (ANALOG:19)   
PCIE0_RX0_N                       J11.41 (BIDIR:19)    J2.131 (INPUT:6)     
PCIE0_RX0_P                       J11.43 (BIDIR:19)    J2.133 (INPUT:6)     
PCIE0_RX1_N                       J11.29 (BIDIR:19)    J2.137 (INPUT:6)     
PCIE0_RX1_P                       J11.31 (BIDIR:19)    J2.139 (INPUT:6)     
PCIE0_RX2_N                       J11.17 (BIDIR:19)    J2.149 (INPUT:6)     
PCIE0_RX2_P                       J11.19 (BIDIR:19)    J2.151 (INPUT:6)     
PCIE0_RX3_N                       J11.5 (BIDIR:19)     J2.155 (INPUT:6)     
PCIE0_RX3_P                       J11.7 (BIDIR:19)     J2.157 (INPUT:6)     
PCIE0_TX0_M2_N                    C120.1 (ANALOG:19)   J11.47 (BIDIR:19)    
PCIE0_TX0_M2_P                    C116.1 (ANALOG:19)   J11.49 (BIDIR:19)    
PCIE0_TX0_N                       C120.2 (ANALOG:19)   J2.134 (OUTPUT:6)    
PCIE0_TX0_P                       C116.2 (ANALOG:19)   J2.136 (OUTPUT:6)    
PCIE0_TX1_M2_N                    C121.1 (ANALOG:19)   J11.35 (BIDIR:19)    
PCIE0_TX1_M2_P                    C117.1 (ANALOG:19)   J11.37 (BIDIR:19)    
PCIE0_TX1_N                       C121.2 (ANALOG:19)   J2.140 (OUTPUT:6)    
PCIE0_TX1_P                       C117.2 (ANALOG:19)   J2.142 (OUTPUT:6)    
PCIE0_TX2_M2_N                    C122.1 (ANALOG:19)   J11.23 (BIDIR:19)    
PCIE0_TX2_M2_P                    C118.1 (ANALOG:19)   J11.25 (BIDIR:19)    
PCIE0_TX2_N                       C122.2 (ANALOG:19)   J2.148 (OUTPUT:6)    
PCIE0_TX2_P                       C118.2 (ANALOG:19)   J2.150 (OUTPUT:6)    
PCIE0_TX3_M2_N                    C123.1 (ANALOG:19)   J11.11 (BIDIR:19)    
PCIE0_TX3_M2_P                    C119.1 (ANALOG:19)   J11.13 (BIDIR:19)    
PCIE0_TX3_N                       C123.2 (ANALOG:19)   J2.154 (OUTPUT:6)    
PCIE0_TX3_P                       C119.2 (ANALOG:19)   J2.156 (OUTPUT:6)    
PCIE1_CLKREQ                      J10.53 (BIDIR:18)    J2.182 (INPUT:6)     R104.2 (ANALOG:18)   
PCIE1_CLK_N                       J10.49 (BIDIR:18)    J2.173 (OUTPUT:6)    
PCIE1_CLK_P                       J10.47 (BIDIR:18)    J2.175 (OUTPUT:6)    
PCIE1_M2_TX0_N                    C112.1 (ANALOG:18)   J10.37 (BIDIR:18)    
PCIE1_M2_TX0_P                    C113.1 (ANALOG:18)   J10.35 (BIDIR:18)    
PCIE1_RST                         J10.52 (BIDIR:18)    J2.183 (OUTPUT:6)    R100.2 (ANALOG:18)   
PCIE1_RX0_N                       J10.43 (BIDIR:18)    J2.167 (BIDIR:6)     
PCIE1_RX0_P                       J10.41 (BIDIR:18)    J2.169 (INPUT:6)     
PCIE1_TX0_N                       C112.2 (ANALOG:18)   J2.172 (BIDIR:6)     
PCIE1_TX0_P                       C113.2 (ANALOG:18)   J2.174 (OUTPUT:6)    
PCIE_WAKE                         J10.55 (BIDIR:18)    J11.54 (BIDIR:19)    J2.179 (INPUT:6)     R105.2 (ANALOG:18)   
PC_LED+                           J14.2 (ANALOG:21)    VS16.2 (ANALOG:21)   
PC_LED-                           J14.1 (ANALOG:21)    R136.1 (ANALOG:21)   
PC_LED_R                          Q21.3 (ANALOG:21)    R136.2 (ANALOG:21)   
POE_VC1                           J15.11 (POWER:26)    J19.1 (ANALOG:26)    
POE_VC2                           J15.12 (POWER:26)    J19.2 (ANALOG:26)    
POE_VC3                           J15.13 (POWER:26)    J19.4 (ANALOG:26)    
POE_VC4                           J15.14 (POWER:26)    J19.3 (ANALOG:26)    
POWER_EN                          J2.237 (INPUT:4)     Q30.1 (ANALOG:16)    Q31.1 (ANALOG:16)    R166.1 (ANALOG:25)   U22.4 (OUTPUT:25)    
PWR_BTN*                          D3.1 (ANALOG:4)      D63.3 (ANALOG:25)    J14.12 (ANALOG:21)   J2.240 (INPUT:4)     R9.2 (ANALOG:4)      
PWR_LED                           DS1.2 (UNSPEC:4)     R7.1 (ANALOG:4)      
PWR_LED_CTRL                      J2.127 (BIDIR:5)     R1.1 (ANALOG:4)      R133.1 (ANALOG:21)   
PWR_LED_R(5V)                     Q1.3 (ANALOG:4)      R7.2 (ANALOG:4)      
RREF                              R35.2 (ANALOG:12)    U7.45 (INPUT:12)     
SDIO_CLK                          J2.229 (OUTPUT:5)    R191.2 (ANALOG:18)   
SDIO_CMD                          J2.227 (BIDIR:5)     R190.2 (ANALOG:18)   
SDIO_D0                           J2.219 (BIDIR:5)     R189.2 (ANALOG:18)   
SDIO_D1                           J2.221 (BIDIR:5)     R185.2 (ANALOG:5)    R186.2 (ANALOG:5)    
SDIO_D2                           J2.223 (BIDIR:5)     R188.2 (ANALOG:18)   
SDIO_D3                           J2.225 (BIDIR:5)     R187.2 (ANALOG:18)   
SHUTDOWN_REQ*                     D62.3 (ANALOG:25)    J2.233 (OUTPUT:4)    R170.2 (ANALOG:25)   U24.1 (INPUT:7)      
SNN_5V_IN1                        U7.83 (POWER:12)     
SNN_5V_IN2                        U7.87 (POWER:12)     
SNN_BMCU_P03                      U18.19 (BIDIR:25)    
SNN_BMCU_P05                      U18.17 (BIDIR:25)    
SNN_BMCU_P13                      U18.10 (BIDIR:25)    
SNN_BMCU_P17                      U18.7 (BIDIR:25)     
SNN_CAM0_NC1                      J1.2(???-17)         
SNN_CAM0_NC10                     J1.20(???-17)        
SNN_CAM0_NC11                     J1.22(???-17)        
SNN_CAM0_NC12                     J1.24(???-17)        
SNN_CAM0_NC13                     J1.26(???-17)        
SNN_CAM0_NC14                     J1.28(???-17)        
SNN_CAM0_NC15                     J1.30(???-17)        
SNN_CAM0_NC2                      J1.4(???-17)         
SNN_CAM0_NC3                      J1.6(???-17)         
SNN_CAM0_NC4                      J1.8(???-17)         
SNN_CAM0_NC5                      J1.10(???-17)        
SNN_CAM0_NC6                      J1.12(???-17)        
SNN_CAM0_NC7                      J1.14(???-17)        
SNN_CAM0_NC8                      J1.16(???-17)        
SNN_CAM0_NC9                      J1.18(???-17)        
SNN_CAM1_NC1                      J9.2(???-17)         
SNN_CAM1_NC10                     J9.20(???-17)        
SNN_CAM1_NC11                     J9.22(???-17)        
SNN_CAM1_NC12                     J9.24(???-17)        
SNN_CAM1_NC13                     J9.26(???-17)        
SNN_CAM1_NC14                     J9.28(???-17)        
SNN_CAM1_NC15                     J9.30(???-17)        
SNN_CAM1_NC2                      J9.4(???-17)         
SNN_CAM1_NC3                      J9.6(???-17)         
SNN_CAM1_NC4                      J9.8(???-17)         
SNN_CAM1_NC5                      J9.10(???-17)        
SNN_CAM1_NC6                      J9.12(???-17)        
SNN_CAM1_NC7                      J9.14(???-17)        
SNN_CAM1_NC8                      J9.16(???-17)        
SNN_CAM1_NC9                      J9.18(???-17)        
SNN_COEX1                         J10.48 (BIDIR:18)    
SNN_COEX2                         J10.46 (BIDIR:18)    
SNN_COEX3                         J10.44 (BIDIR:18)    
SNN_DP_CEC                        J8.33 (BIDIR:16)     
SNN_ESD_D27                       D21.2 (ANALOG:16)    D21.9 (ANALOG:16)    
SNN_HDMI_RES1                     J8.14 (INPUT:15)     
SNN_HUB_ADC_IN0                   U7.37 (ANALOG:12)    
SNN_HUB_ADC_IN1                   U7.38 (ANALOG:12)    
SNN_HUB_GPIO14                    U7.71 (BIDIR:12)     
SNN_HUB_I2C_CLK                   U7.17 (BIDIR:12)     
SNN_HUB_I2C_DAT                   U7.66 (BIDIR:12)     
SNN_HUB_I2C_INT#                  U7.67 (BIDIR:12)     
SNN_HUB_NC01                      U7.10(???-12)        
SNN_HUB_NC02                      U7.11(???-12)        
SNN_HUB_NC03                      U7.14(???-12)        
SNN_HUB_NC04                      U7.15(???-12)        
SNN_HUB_NC05                      U7.75(???-12)        
SNN_HUB_NC06                      U7.76(???-12)        
SNN_HUB_NC07                      U7.79(???-12)        
SNN_HUB_NC08                      U7.80(???-12)        
SNN_HUB_NC09                      U7.82(???-12)        
SNN_HUB_NC10                      U7.84(???-12)        
SNN_HUB_NC11                      U7.86(???-12)        
SNN_HUB_NC12                      U7.88(???-12)        
SNN_HUB_SM_INT#                   U7.68 (BIDIR:12)     
SNN_LED1_L                        J10.6 (BIDIR:18)     
SNN_LED2_L                        J10.16 (BIDIR:18)    
SNN_M2_B_65                       J10.65 (BIDIR:18)    
SNN_M2_B_67                       J10.67 (BIDIR:18)    
SNN_M2_B_71                       J10.71 (BIDIR:18)    
SNN_M2_B_73                       J10.73 (BIDIR:18)    
SNN_M2_E_59                       J10.59 (BIDIR:18)    
SNN_M2_E_61                       J10.61 (BIDIR:18)    
SNN_M2_E_64                       J10.64 (BIDIR:18)    
SNN_M2_E_66                       J10.66 (BIDIR:18)    
SNN_M2_E_68                       J10.68 (BIDIR:18)    
SNN_M2_E_70                       J10.70 (BIDIR:18)    
SNN_M2_WIFI_M2_EN                 J10.23 (BIDIR:18)    
SNN_M2_WIFI_M2_WAKE_AP            J10.21 (BIDIR:18)    
SNN_MDM_KEYM_NC0                  J11.67(???-19)       
SNN_MDM_KEYM_NC1                  J11.48(???-19)       
SNN_MDM_KEYM_NC10                 J11.24(???-19)       
SNN_MDM_KEYM_NC11                 J11.22(???-19)       
SNN_MDM_KEYM_NC12                 J11.20(???-19)       
SNN_MDM_KEYM_NC13                 J11.10 (BIDIR:19)    
SNN_MDM_KEYM_NC14                 J11.8(???-19)        
SNN_MDM_KEYM_NC15                 J11.6(???-19)        
SNN_MDM_KEYM_NC2                  J11.46(???-19)       
SNN_MDM_KEYM_NC3                  J11.38(???-19)       
SNN_MDM_KEYM_NC4                  J11.36(???-19)       
SNN_MDM_KEYM_NC5                  J11.34(???-19)       
SNN_MDM_KEYM_NC6                  J11.32(???-19)       
SNN_MDM_KEYM_NC7                  J11.30(???-19)       
SNN_MDM_KEYM_NC8                  J11.28(???-19)       
SNN_MDM_KEYM_NC9                  J11.26(???-19)       
SNN_MDM_KEYM_PEDET                J11.69 (BIDIR:19)    
SNN_MDM_KEYM_RSEV1                J11.58 (BIDIR:19)    
SNN_MDM_KEYM_RSEV2                J11.56 (BIDIR:19)    
SNN_PWR_BTN_BUF*                  U18.8 (BIDIR:25)     
SNN_USB0_ID_CONN                  J5.4 (ANALOG:11)     
SNN_VENDOR_DEFINED1               J10.42 (BIDIR:18)    
SNN_VENDOR_DEFINED2               J10.40 (BIDIR:18)    
SNN_VENDOR_DEFINED3               J10.38 (BIDIR:18)    
SPI0_CS0                          J2.95 (INPUT:5)      U12.5 (BIDIR:20)     
SPI0_CS0_LS                       J12.24 (ANALOG:20)   U12.16 (BIDIR:20)    
SPI0_CS1                          J2.97 (INPUT:5)      U12.6 (BIDIR:20)     
SPI0_CS1_LS                       J12.26 (ANALOG:20)   U12.15 (BIDIR:20)    
SPI0_MISO                         J2.93 (INPUT:5)      U12.3 (BIDIR:20)     
SPI0_MISO_LS                      J12.21 (ANALOG:20)   U12.18 (BIDIR:20)    
SPI0_MOSI                         J2.89 (OUTPUT:5)     U12.4 (BIDIR:20)     
SPI0_MOSI_LS                      J12.19 (ANALOG:20)   U12.17 (BIDIR:20)    
SPI0_SCK                          J2.91 (OUTPUT:5)     U12.1 (BIDIR:20)     
SPI0_SCK_LS                       J12.23 (ANALOG:20)   U12.20 (BIDIR:20)    
SPI1_CS0                          J2.110 (INPUT:5)     U14.5 (BIDIR:20)     
SPI1_CS0_LS                       J12.18 (ANALOG:20)   U14.16 (BIDIR:20)    
SPI1_CS1                          J2.112 (INPUT:5)     U14.6 (BIDIR:20)     
SPI1_CS1_LS                       J12.16 (ANALOG:20)   U14.15 (BIDIR:20)    
SPI1_MISO                         J2.108 (INPUT:5)     U14.3 (BIDIR:20)     
SPI1_MISO_LS                      J12.22 (ANALOG:20)   U14.18 (BIDIR:20)    
SPI1_MOSI                         J2.104 (OUTPUT:5)    U14.4 (BIDIR:20)     
SPI1_MOSI_LS                      J12.37 (ANALOG:20)   U14.17 (BIDIR:20)    
SPI1_SCK                          J2.106 (BIDIR:5)     U14.1 (BIDIR:20)     
SPI1_SCK_LS                       J12.13 (ANALOG:20)   U14.20 (BIDIR:20)    
SPI_FL_HLD                        R201.2 (ANALOG:12)   U28.7 (INPUT:12)     
SPI_FL_WP                         R200.2 (ANALOG:12)   U28.3 (INPUT:12)     
SPI_HUB_CS                        R199.2 (ANALOG:12)   U28.1 (INPUT:12)     U7.61 (BIDIR:12)     
SPI_HUB_MISO                      U28.2 (OUTPUT:12)    U7.58 (BIDIR:12)     
SPI_HUB_MOSI                      U28.5 (BIDIR:12)     U7.59 (BIDIR:12)     
SPI_HUB_SCK                       U28.6 (INPUT:12)     U7.60 (BIDIR:12)     
SUSCLK_32KHZ                      J2.210 (OUTPUT:6)    U1.2 (INPUT:6)       
SYS_RST*                          C133.1 (ANALOG:21)   D1.1 (ANALOG:4)      J14.8 (ANALOG:21)    J2.239 (BIDIR:4)     R203.1 (ANALOG:25)   
                                  U23.2 (INPUT:25)     
UART0_CTS                         J10.34 (BIDIR:18)    J2.105 (INPUT:4)     
UART0_RTS                         J10.36 (BIDIR:18)    J2.103 (OUTPUT:4)    
UART0_RXD                         J10.22 (BIDIR:18)    J2.101 (INPUT:4)     
UART0_TXD                         J10.32 (BIDIR:18)    J2.99 (OUTPUT:4)     
UART1_CTS                         J2.209 (OUTPUT:4)    U14.9 (BIDIR:20)     
UART1_CTS_LS                      J12.36 (ANALOG:20)   R118.2 (ANALOG:20)   U14.12 (BIDIR:20)    
UART1_RTS                         J2.207 (INPUT:4)     U12.9 (BIDIR:20)     
UART1_RTS_LS                      J12.11 (ANALOG:20)   U12.12 (BIDIR:20)    
UART1_RXD                         J2.205 (INPUT:4)     U14.8 (BIDIR:20)     
UART1_RXD_LS                      J12.10 (ANALOG:20)   R117.2 (ANALOG:20)   U14.13 (BIDIR:20)    
UART1_TXD                         J2.203 (OUTPUT:4)    U14.7 (BIDIR:20)     
UART1_TXD_LS                      J12.8 (ANALOG:20)    U14.14 (BIDIR:20)    
UART2_LS_OE                       R120.2 (ANALOG:21)   R121.2 (ANALOG:21)   U16.5 (BIDIR:21)     
UART2_RXD                         J2.238 (INPUT:4)     U16.2 (BIDIR:21)     
UART2_RXD_LS                      D48.1 (ANALOG:21)    J14.3 (ANALOG:21)    R125.2 (ANALOG:21)   U16.7 (BIDIR:21)     
UART2_TXD                         J2.236 (OUTPUT:4)    U16.3 (BIDIR:21)     
UART2_TXD_LS                      D49.1 (ANALOG:21)    J14.4 (ANALOG:21)    U16.6 (BIDIR:21)     
USB0_AP_N                         D7.1 (ANALOG:11)     J2.109 (BIDIR:5)     J5.2 (BIDIR:11)      
USB0_AP_P                         D6.1 (ANALOG:11)     J2.111 (BIDIR:5)     J5.3 (BIDIR:11)      
USB0_VBUS_DET(5V)                 Q8.1 (ANALOG:11)     R32.2 (ANALOG:11)    R33.1 (ANALOG:11)    
USB0_VBUS_DET*(1.8V)              J2.87 (BIDIR:5)      Q8.3 (ANALOG:11)     
USB1_AP_N                         J2.115 (BIDIR:5)     U7.48 (BIDIR:12)     
USB1_AP_P                         J2.117 (BIDIR:5)     U7.47 (BIDIR:12)     
USB1_A_N                          D8.1 (ANALOG:13)     D8.10 (ANALOG:13)    J6.11 (INPUT:13)     L10.3 (ANALOG:13)    R167.2 (ANALOG:13)   
USB1_A_P                          D8.2 (ANALOG:13)     D8.9 (ANALOG:13)     J6.12 (INPUT:13)     L10.4 (ANALOG:13)    R169.2 (ANALOG:13)   
USB1_B_N                          D12.1 (ANALOG:14)    D12.10 (ANALOG:14)   J7.11 (INPUT:14)     L2.3 (ANALOG:14)     R46.2 (ANALOG:14)    
USB1_B_P                          D12.2 (ANALOG:14)    D12.9 (ANALOG:14)    J7.12 (INPUT:14)     L2.4 (ANALOG:14)     R47.2 (ANALOG:14)    
USB2_AP_N                         J10.5 (BIDIR:18)     J2.121 (BIDIR:5)     
USB2_AP_P                         J10.3 (BIDIR:18)     J2.123 (BIDIR:5)     
USB2_A_N                          D8.4 (ANALOG:13)     D8.7 (ANALOG:13)     J6.2 (INPUT:13)      L1.3 (ANALOG:13)     R41.2 (ANALOG:13)    
USB2_A_P                          D8.5 (ANALOG:13)     D8.6 (ANALOG:13)     J6.3 (INPUT:13)      L1.4 (ANALOG:13)     R42.2 (ANALOG:13)    
USB2_B_N                          D13.5 (ANALOG:14)    D13.6 (ANALOG:14)    J7.2 (INPUT:14)      L8.4 (ANALOG:14)     R44.2 (ANALOG:14)    
USB2_B_P                          D13.4 (ANALOG:14)    D13.7 (ANALOG:14)    J7.3 (INPUT:14)      L8.3 (ANALOG:14)     R45.2 (ANALOG:14)    
USBSS_RX_A_CON1_N                 D9.2 (ANALOG:13)     D9.9 (ANALOG:13)     J6.14 (INPUT:13)     L20.2 (ANALOG:13)    R206.2 (ANALOG:13)   
USBSS_RX_A_CON1_P                 D9.1 (ANALOG:13)     D9.10 (ANALOG:13)    J6.15 (INPUT:13)     L20.1 (ANALOG:13)    R207.2 (ANALOG:13)   
USBSS_RX_A_CON2_N                 D9.4 (ANALOG:13)     D9.7 (ANALOG:13)     J6.5 (INPUT:13)      L21.1 (ANALOG:13)    R208.2 (ANALOG:13)   
USBSS_RX_A_CON2_P                 D9.5 (ANALOG:13)     D9.6 (ANALOG:13)     J6.6 (INPUT:13)      L21.2 (ANALOG:13)    R209.2 (ANALOG:13)   
USBSS_RX_B_CON1_N                 D13.2 (ANALOG:14)    D13.9 (ANALOG:14)    J7.14 (INPUT:14)     L25.2 (ANALOG:14)    R216.2 (ANALOG:14)   
USBSS_RX_B_CON1_P                 D13.1 (ANALOG:14)    D13.10 (ANALOG:14)   J7.15 (INPUT:14)     L25.1 (ANALOG:14)    R217.2 (ANALOG:14)   
USBSS_RX_B_CON2_N                 D12.5 (ANALOG:14)    D12.6 (ANALOG:14)    J7.5 (INPUT:14)      L24.2 (ANALOG:14)    R214.2 (ANALOG:14)   
USBSS_RX_B_CON2_P                 D12.4 (ANALOG:14)    D12.7 (ANALOG:14)    J7.6 (INPUT:14)      L24.1 (ANALOG:14)    R215.2 (ANALOG:14)   
USBSS_RX_HUB_N                    C62.2 (ANALOG:12)    U7.73 (INPUT:12)     
USBSS_RX_HUB_P                    C60.2 (ANALOG:12)    U7.74 (INPUT:12)     
USBSS_RX_N                        C5.1 (ANALOG:6)      J2.161 (INPUT:6)     
USBSS_RX_P                        C4.1 (ANALOG:6)      J2.163 (INPUT:6)     
USBSS_TX_A_1_N                    C66.2 (ANALOG:13)    L22.3 (ANALOG:13)    R210.1 (ANALOG:13)   
USBSS_TX_A_1_P                    C64.2 (ANALOG:13)    L22.4 (ANALOG:13)    R211.1 (ANALOG:13)   
USBSS_TX_A_2_N                    C67.2 (ANALOG:13)    L23.4 (ANALOG:13)    R212.1 (ANALOG:13)   
USBSS_TX_A_2_P                    C65.2 (ANALOG:13)    L23.3 (ANALOG:13)    R213.1 (ANALOG:13)   
USBSS_TX_A_CON1_N                 D10.1 (ANALOG:13)    D10.10 (ANALOG:13)   J6.17 (OUTPUT:13)    L22.2 (ANALOG:13)    R210.2 (ANALOG:13)   
USBSS_TX_A_CON1_P                 D10.2 (ANALOG:13)    D10.9 (ANALOG:13)    J6.18 (OUTPUT:13)    L22.1 (ANALOG:13)    R211.2 (ANALOG:13)   
USBSS_TX_A_CON2_N                 D10.5 (ANALOG:13)    D10.6 (ANALOG:13)    J6.8 (OUTPUT:13)     L23.1 (ANALOG:13)    R212.2 (ANALOG:13)   
USBSS_TX_A_CON2_P                 D10.4 (ANALOG:13)    D10.7 (ANALOG:13)    J6.9 (OUTPUT:13)     L23.2 (ANALOG:13)    R213.2 (ANALOG:13)   
USBSS_TX_B_1_N                    C74.2 (ANALOG:14)    L26.3 (ANALOG:14)    R218.1 (ANALOG:14)   
USBSS_TX_B_1_P                    C72.2 (ANALOG:14)    L26.4 (ANALOG:14)    R219.1 (ANALOG:14)   
USBSS_TX_B_2_N                    C75.2 (ANALOG:14)    L27.3 (ANALOG:14)    R220.1 (ANALOG:14)   
USBSS_TX_B_2_P                    C73.2 (ANALOG:14)    L27.4 (ANALOG:14)    R221.1 (ANALOG:14)   
USBSS_TX_B_CON1_N                 D11.4 (ANALOG:14)    D11.7 (ANALOG:14)    J7.17 (OUTPUT:14)    L26.2 (ANALOG:14)    R218.2 (ANALOG:14)   
USBSS_TX_B_CON1_P                 D11.5 (ANALOG:14)    D11.6 (ANALOG:14)    J7.18 (OUTPUT:14)    L26.1 (ANALOG:14)    R219.2 (ANALOG:14)   
USBSS_TX_B_CON2_N                 D11.1 (ANALOG:14)    D11.10 (ANALOG:14)   J7.8 (OUTPUT:14)     L27.2 (ANALOG:14)    R220.2 (ANALOG:14)   
USBSS_TX_B_CON2_P                 D11.2 (ANALOG:14)    D11.9 (ANALOG:14)    J7.9 (OUTPUT:14)     L27.1 (ANALOG:14)    R221.2 (ANALOG:14)   
USBSS_TX_HUB_N                    C5.2 (ANALOG:6)      U7.78 (OUTPUT:12)    
USBSS_TX_HUB_P                    C4.2 (ANALOG:6)      U7.77 (OUTPUT:12)    
USBSS_TX_N                        C62.1 (ANALOG:12)    J2.166 (OUTPUT:6)    
USBSS_TX_P                        C60.1 (ANALOG:12)    J2.168 (OUTPUT:6)    
VDD_1V8(1.8V)                     C124.1 (ANALOG:20)   C129.2 (ANALOG:21)   C134.1 (ANALOG:21)   C35.1 (ANALOG:10)    Q20.1 (ANALOG:21)    
                                  R101.1 (ANALOG:18)   R113.1 (ANALOG:19)   R115.1 (ANALOG:20)   R120.1 (ANALOG:21)   R123.1 (ANALOG:21)   
                                  R127.1 (ANALOG:21)   R129.1 (ANALOG:21)   R131.1 (ANALOG:21)   R135.1 (ANALOG:21)   R5.1 (ANALOG:4)      
                                  R6.1 (ANALOG:4)      R65.1 (ANALOG:15)    R76.1 (ANALOG:16)    R86.1 (ANALOG:16)    U1.5 (POWER:6)       
                                  U12.2 (POWER:20)     U13.2 (POWER:20)     U14.2 (POWER:20)     U15.6 (POWER:21)     U16.1 (POWER:21)     
                                  U17.8 (POWER:21)     U5.5 (ANALOG:10)     
VDD_3V3_DISCHG                    Q37.3 (ANALOG:9)     R205.2 (ANALOG:9)    
VDD_3V3_DP(3.3V)                  C105.1 (ANALOG:16)   C174.1 (ANALOG:16)   J8.39 (POWER:16)     R90.1 (ANALOG:16)    U10.1 (POWER:16)     
VDD_3V3_HDMI(3.3V)                C88.1 (ANALOG:15)    Q11.1 (ANALOG:15)    Q12.2 (ANALOG:15)    Q12.5 (ANALOG:15)    Q13.1 (ANALOG:15)    
                                  R49.1 (ANALOG:15)    R59.1 (ANALOG:15)    R60.1 (ANALOG:15)    R61.2 (ANALOG:15)    R62.1 (ANALOG:15)    
                                  U8.1 (POWER:15)      U8.2 (INPUT:15)      U9.4 (INPUT:15)      
VDD_3V3_SYS(3.3V)                 C106.1 (ANALOG:17)   C107.1 (ANALOG:17)   C108.1 (ANALOG:18)   C109.1 (ANALOG:18)   C110.1 (ANALOG:18)   
                                  C111.1 (ANALOG:18)   C114.1 (ANALOG:19)   C115.1 (ANALOG:19)   C125.1 (ANALOG:20)   C126.1 (ANALOG:20)   
                                  C130.1 (ANALOG:21)   C137.1 (ANALOG:26)   C144.1 (ANALOG:19)   C150.1 (ANALOG:9)    C151.1 (ANALOG:9)    
                                  C170.1 (ANALOG:12)   C175.1 (ANALOG:9)    C27.1 (ANALOG:9)     C28.1 (ANALOG:9)     C33.1 (ANALOG:10)    
                                  C56.1 (ANALOG:12)    C58.1 (ANALOG:12)    J1.29 (BIDIR:17)     J10.2 (POWER:18)     J10.4 (POWER:18)     
                                  J10.72 (POWER:18)    J10.74 (POWER:18)    J11.12 (POWER:19)    J11.14 (POWER:19)    J11.16 (POWER:19)    
                                  J11.18 (POWER:19)    J11.2 (POWER:19)     J11.4 (POWER:19)     J11.70 (POWER:19)    J11.72 (POWER:19)    
                                  J11.74 (POWER:19)    J12.1 (ANALOG:20)    J12.17 (ANALOG:20)   J15.15 (ANALOG:26)   J15.17 (ANALOG:26)   
                                  J17.3 (ANALOG:4)     J9.29 (BIDIR:17)     L5.2 (ANALOG:9)      L6.2 (ANALOG:9)      R10.1 (ANALOG:4)     
                                  R100.1 (ANALOG:18)   R102.1 (ANALOG:18)   R103.1 (ANALOG:18)   R104.1 (ANALOG:18)   R105.1 (ANALOG:18)   
                                  R11.1 (ANALOG:5)     R114.1 (ANALOG:19)   R117.1 (ANALOG:20)   R118.1 (ANALOG:20)   R12.1 (ANALOG:5)     
                                  R125.1 (ANALOG:21)   R13.1 (ANALOG:6)     R164.1 (ANALOG:9)    R199.1 (ANALOG:12)   R200.1 (ANALOG:12)   
                                  R201.1 (ANALOG:12)   R205.1 (ANALOG:9)    R26.1 (ANALOG:9)     R3.1 (ANALOG:4)      R36.1 (ANALOG:12)    
                                  R37.1 (ANALOG:12)    R38.1 (ANALOG:12)    R4.1 (ANALOG:4)      R8.1 (ANALOG:4)      R94.1 (ANALOG:17)    
                                  R96.1 (ANALOG:17)    R97.1 (ANALOG:17)    R98.1 (ANALOG:17)    R99.1 (ANALOG:18)    U10.5 (POWER:16)     
                                  U11.9 (POWER:17)     U12.19 (POWER:20)    U13.19 (POWER:20)    U14.19 (POWER:20)    U16.8 (POWER:21)     
                                  U28.8 (POWER:12)     U5.1 (ANALOG:10)     U7.22 (POWER:12)     U8.5 (POWER:15)      U8.6 (INPUT:15)      
                                  VS10.1 (ANALOG:12)   VS12.1 (ANALOG:12)   VS13.1 (ANALOG:12)   VS9.1 (ANALOG:12)    Y2.1 (INPUT:19)      
                                  Y2.4 (POWER:19)      
VDD_5V0_HDMI_CON                  C86.1 (ANALOG:15)    C87.1 (ANALOG:15)    J8.18 (POWER:15)     R63.1 (ANALOG:15)    R64.1 (ANALOG:15)    
                                  U9.1 (POWER:15)      
VDD_5V_GPIO(5V)                   C128.1 (ANALOG:20)   J12.2 (ANALOG:20)    J12.4 (ANALOG:20)    Q23.2 (ANALOG:20)    Q24.4 (ANALOG:20)    
VDD_5V_SYS(5V)                    C127.1 (ANALOG:13)   C145.1 (ANALOG:4)    C146.1 (ANALOG:4)    C147.1 (ANALOG:4)    C148.1 (ANALOG:8)    
                                  C149.1 (ANALOG:8)    C15.1 (ANALOG:8)     C158.1 (ANALOG:14)   C16.1 (ANALOG:8)     C163.1 (ANALOG:12)   
                                  C164.1 (ANALOG:12)   C30.1 (ANALOG:10)    C31.1 (ANALOG:10)    C32.1 (ANALOG:10)    C76.1 (ANALOG:15)    
                                  C77.1 (ANALOG:15)    DS1.1 (UNSPEC:4)     J2.251 (POWER:4)     J2.252 (POWER:4)     J2.253 (POWER:4)     
                                  J2.254 (POWER:4)     J2.255 (POWER:4)     J2.256 (POWER:4)     J2.257 (POWER:4)     J2.258 (POWER:4)     
                                  J2.259 (POWER:4)     J2.260 (POWER:4)     L3.2 (ANALOG:8)      L4.2 (ANALOG:8)      Q23.3 (ANALOG:20)    
                                  Q24.1 (ANALOG:20)    R163.1 (ANALOG:8)    R170.1 (ANALOG:25)   R18.1 (ANALOG:8)     R204.1 (ANALOG:9)    
                                  R9.1 (ANALOG:4)      U15.1 (POWER:21)     U21.5 (POWER:13)     U22.5 (POWER:25)     U25.5 (POWER:14)     
                                  U26.3 (POWER:12)     U27.5 (POWER:16)     U6.1 (ANALOG:10)     U9.5 (POWER:15)      VS16.1 (ANALOG:21)   
                                  VS19.1 (ANALOG:21)   
VDD_AV10_HUB                      C166.1 (ANALOG:12)   C167.1 (ANALOG:12)   L19.2 (ANALOG:12)    R176.1 (ANALOG:12)   U26.6 (POWER:12)     
                                  VS1.1 (ANALOG:12)    VS17.1 (ANALOG:12)   VS18.1 (ANALOG:12)   VS2.1 (ANALOG:12)    VS3.1 (ANALOG:12)    
                                  VS4.1 (ANALOG:12)    VS5.1 (ANALOG:12)    VS6.1 (ANALOG:12)    VS7.1 (ANALOG:12)    VS8.1 (ANALOG:12)    
VDD_DCIN(19V)                     C11.1 (ANALOG:8)     C152.1 (ANALOG:7)    C153.1 (ANALOG:7)    C20.1 (ANALOG:9)     C21.1 (ANALOG:9)     
                                  C23.1 (ANALOG:9)     C8.1 (ANALOG:8)      C9.1 (ANALOG:8)      Q25.5 (ANALOG:7)     Q28.2 (ANALOG:25)    
                                  Q4.5 (ANALOG:8)      Q6.5 (ANALOG:9)      R14.2 (ANALOG:8)     R172.1 (ANALOG:7)    R196.1 (ANALOG:25)   
                                  U3.5 (POWER:8)       U4.5 (POWER:9)       
VDD_VBUS_A(5V)                    C157.1 (ANALOG:13)   C172.1 (ANALOG:13)   J6.1 (POWER:13)      J6.10 (POWER:13)     U21.1 (POWER:13)     
VDD_VBUS_B(5V)                    C160.1 (ANALOG:14)   C173.1 (ANALOG:14)   J7.1 (POWER:14)      J7.10 (POWER:14)     U25.1 (POWER:14)     
W_DISABLE1                        J10.56 (BIDIR:18)    Q18.3 (ANALOG:18)    R103.2 (ANALOG:18)   
W_DISABLE1_CTRL                   J2.128 (BIDIR:5)     Q18.1 (ANALOG:18)    
W_DISABLE2(3.3V)                  J10.54 (BIDIR:18)    Q17.3 (ANALOG:18)    R99.2 (ANALOG:18)    
YELLOW_LED                        J15.18 (ANALOG:26)   R147.2 (ANALOG:26)   

